Adding 13777 nodes
Adding 41011 edges with 0 duplicates removed
Adding 27235 triangles  with 0 duplicate removed
Contact base in region bjt with 21 nodes
Contact collector in region bjt with 111 nodes
Contact emitter in region bjt with 25 nodes
Replacing Node Model Acceptors in region bjt of material Silicon
Replacing Node Model DEG in region bjt of material Silicon
Replacing Edge Model DField in region bjt of material Silicon
Replacing Edge Model DField:Potential@n0 in region bjt of material Silicon
Replacing Edge Model DField:Potential@n1 in region bjt of material Silicon
Replacing Node Model Donors in region bjt of material Silicon
Replacing Node Model EC in region bjt of material Silicon
Replacing Node Model EC:Potential in region bjt of material Silicon
Replacing Node Model EFN in region bjt of material Silicon
Replacing Node Model EFN:Electrons in region bjt of material Silicon
Replacing Node Model EFN:Potential in region bjt of material Silicon
Replacing Node Model EFP in region bjt of material Silicon
Replacing Node Model EFP:Holes in region bjt of material Silicon
Replacing Node Model EFP:Potential in region bjt of material Silicon
Replacing Edge Model EField in region bjt of material Silicon
Replacing Edge Model EField:Potential@n0 in region bjt of material Silicon
Replacing Edge Model EField:Potential@n1 in region bjt of material Silicon
Replacing Triangle Edge Model EField_x in region bjt of material Silicon
Replacing Triangle Edge Model EField_y in region bjt of material Silicon
Replacing Node Model EG in region bjt of material Silicon
Replacing Node Model EI in region bjt of material Silicon
Replacing Node Model EI:Potential in region bjt of material Silicon
Replacing Node Model EV in region bjt of material Silicon
Replacing Node Model EV:Potential in region bjt of material Silicon
Replacing Node Model ElectronGeneration in region bjt of material Silicon
Replacing Node Model ElectronGeneration:Electrons in region bjt of material Silicon
Replacing Node Model ElectronGeneration:Holes in region bjt of material Silicon
Replacing Edge Model Electrons@n0 in region bjt of material Silicon
Replacing Edge Model Electrons@n1 in region bjt of material Silicon
Replacing Triangle Edge Model Emag in region bjt of material Silicon
Replacing Edge Model Epar_n in region bjt of material Silicon
Replacing Edge Model Epar_n:Potential@n0 in region bjt of material Silicon
Replacing Edge Model Epar_n:Potential@n1 in region bjt of material Silicon
Replacing Edge Model Epar_p in region bjt of material Silicon
Replacing Edge Model Epar_p:Potential@n0 in region bjt of material Silicon
Replacing Edge Model Epar_p:Potential@n1 in region bjt of material Silicon
Replacing Node Model HoleGeneration in region bjt of material Silicon
Replacing Node Model HoleGeneration:Electrons in region bjt of material Silicon
Replacing Node Model HoleGeneration:Holes in region bjt of material Silicon
Replacing Edge Model Holes@n0 in region bjt of material Silicon
Replacing Edge Model Holes@n1 in region bjt of material Silicon
Replacing Node Model IntrinsicCharge in region bjt of material Silicon
Replacing Node Model IntrinsicCharge:Potential in region bjt of material Silicon
Replacing Node Model IntrinsicElectrons in region bjt of material Silicon
Replacing Node Model IntrinsicElectrons:Potential in region bjt of material Silicon
Replacing Node Model IntrinsicHoles in region bjt of material Silicon
Replacing Node Model IntrinsicHoles:Potential in region bjt of material Silicon
Replacing Edge Model Jn in region bjt of material Silicon
Replacing Edge Model Jn:Electrons@n0 in region bjt of material Silicon
Replacing Edge Model Jn:Electrons@n1 in region bjt of material Silicon
Replacing Edge Model Jn:Holes@n0 in region bjt of material Silicon
Replacing Edge Model Jn:Holes@n1 in region bjt of material Silicon
Replacing Edge Model Jn:Potential@n0 in region bjt of material Silicon
Replacing Edge Model Jn:Potential@n1 in region bjt of material Silicon
Replacing Edge Model Jn_arora_lf in region bjt of material Silicon
Replacing Edge Model Jn_arora_lf:Electrons@n0 in region bjt of material Silicon
Replacing Edge Model Jn_arora_lf:Electrons@n1 in region bjt of material Silicon
Replacing Edge Model Jn_arora_lf:Holes@n0 in region bjt of material Silicon
Replacing Edge Model Jn_arora_lf:Holes@n1 in region bjt of material Silicon
Replacing Edge Model Jn_arora_lf:Potential@n0 in region bjt of material Silicon
Replacing Edge Model Jn_arora_lf:Potential@n1 in region bjt of material Silicon
Replacing Triangle Edge Model Jn_x in region bjt of material Silicon
Replacing Triangle Edge Model Jn_y in region bjt of material Silicon
Replacing Triangle Edge Model Jnmag in region bjt of material Silicon
Replacing Edge Model Jp in region bjt of material Silicon
Replacing Edge Model Jp:Electrons@n0 in region bjt of material Silicon
Replacing Edge Model Jp:Electrons@n1 in region bjt of material Silicon
Replacing Edge Model Jp:Holes@n0 in region bjt of material Silicon
Replacing Edge Model Jp:Holes@n1 in region bjt of material Silicon
Replacing Edge Model Jp:Potential@n0 in region bjt of material Silicon
Replacing Edge Model Jp:Potential@n1 in region bjt of material Silicon
Replacing Edge Model Jp_arora_lf in region bjt of material Silicon
Replacing Edge Model Jp_arora_lf:Electrons@n0 in region bjt of material Silicon
Replacing Edge Model Jp_arora_lf:Electrons@n1 in region bjt of material Silicon
Replacing Edge Model Jp_arora_lf:Holes@n0 in region bjt of material Silicon
Replacing Edge Model Jp_arora_lf:Holes@n1 in region bjt of material Silicon
Replacing Edge Model Jp_arora_lf:Potential@n0 in region bjt of material Silicon
Replacing Edge Model Jp_arora_lf:Potential@n1 in region bjt of material Silicon
Replacing Triangle Edge Model Jp_x in region bjt of material Silicon
Replacing Triangle Edge Model Jp_y in region bjt of material Silicon
Replacing Triangle Edge Model Jpmag in region bjt of material Silicon
Replacing Node Model LogNetDoping in region bjt of material Silicon
Replacing Node Model NC in region bjt of material Silicon
Replacing Node Model NCharge in region bjt of material Silicon
Replacing Node Model NCharge:Electrons in region bjt of material Silicon
Replacing Node Model NIE in region bjt of material Silicon
Replacing Node Model NTOT in region bjt of material Silicon
Replacing Node Model NV in region bjt of material Silicon
Replacing Node Model NetDoping in region bjt of material Silicon
Replacing Node Model PCharge in region bjt of material Silicon
Replacing Node Model PCharge:Holes in region bjt of material Silicon
Replacing Edge Model Potential@n0 in region bjt of material Silicon
Replacing Edge Model Potential@n1 in region bjt of material Silicon
Replacing Node Model PotentialIntrinsicCharge in region bjt of material Silicon
Replacing Node Model PotentialIntrinsicCharge:Potential in region bjt of material Silicon
Replacing Node Model PotentialNodeCharge in region bjt of material Silicon
Replacing Node Model PotentialNodeCharge:Electrons in region bjt of material Silicon
Replacing Node Model PotentialNodeCharge:Holes in region bjt of material Silicon
Replacing Node Model Tn in region bjt of material Silicon
Replacing Node Model USRH in region bjt of material Silicon
Replacing Node Model USRH:Electrons in region bjt of material Silicon
Replacing Node Model USRH:Holes in region bjt of material Silicon
Replacing Node Model V_t in region bjt of material Silicon
Replacing Edge Model V_t_edge in region bjt of material Silicon
Replacing Node Model basenodeelectrons in region bjt of material Silicon
Replacing Node Model basenodeelectrons:Electrons in region bjt of material Silicon
Replacing Node Model basenodeholes in region bjt of material Silicon
Replacing Node Model basenodeholes:Holes in region bjt of material Silicon
Replacing Node Model basenodemodel in region bjt of material Silicon
Replacing Node Model basenodemodel:Potential in region bjt of material Silicon
Replacing Edge Model beta_n in region bjt of material Silicon
Replacing Edge Model beta_p in region bjt of material Silicon
Replacing Node Model collectornodeelectrons in region bjt of material Silicon
Replacing Node Model collectornodeelectrons:Electrons in region bjt of material Silicon
Replacing Node Model collectornodeholes in region bjt of material Silicon
Replacing Node Model collectornodeholes:Holes in region bjt of material Silicon
Replacing Node Model collectornodemodel in region bjt of material Silicon
Replacing Node Model collectornodemodel:Potential in region bjt of material Silicon
Replacing Node Model contactcharge_node in region bjt of material Silicon
Replacing Node Model emitternodeelectrons in region bjt of material Silicon
Replacing Node Model emitternodeelectrons:Electrons in region bjt of material Silicon
Replacing Node Model emitternodeholes in region bjt of material Silicon
Replacing Node Model emitternodeholes:Holes in region bjt of material Silicon
Replacing Node Model emitternodemodel in region bjt of material Silicon
Replacing Node Model emitternodemodel:Potential in region bjt of material Silicon
Replacing Edge Model mu_arora_n_lf in region bjt of material Silicon
Replacing Node Model mu_arora_n_node in region bjt of material Silicon
Replacing Edge Model mu_arora_p_lf in region bjt of material Silicon
Replacing Node Model mu_arora_p_node in region bjt of material Silicon
Replacing Edge Model mu_n in region bjt of material Silicon
Replacing Edge Model mu_n:Electrons@n0 in region bjt of material Silicon
Replacing Edge Model mu_n:Electrons@n1 in region bjt of material Silicon
Replacing Edge Model mu_n:Holes@n0 in region bjt of material Silicon
Replacing Edge Model mu_n:Holes@n1 in region bjt of material Silicon
Replacing Edge Model mu_n:Potential@n0 in region bjt of material Silicon
Replacing Edge Model mu_n:Potential@n1 in region bjt of material Silicon
Replacing Edge Model mu_p in region bjt of material Silicon
Replacing Edge Model mu_p:Electrons@n0 in region bjt of material Silicon
Replacing Edge Model mu_p:Electrons@n1 in region bjt of material Silicon
Replacing Edge Model mu_p:Holes@n0 in region bjt of material Silicon
Replacing Edge Model mu_p:Holes@n1 in region bjt of material Silicon
Replacing Edge Model mu_p:Potential@n0 in region bjt of material Silicon
Replacing Edge Model mu_p:Potential@n1 in region bjt of material Silicon
Replacing Edge Model vsat_n in region bjt of material Silicon
Replacing Edge Model vsat_p in region bjt of material Silicon
Replacing Node Model basenodemodel in region bjt of material Silicon
Replacing Node Model basenodemodel:Potential in region bjt of material Silicon
Warning: Replacing Contact Equation with Contact Equation of the same name.
Contact: base, Equation: PotentialEquation
Replacing Node Model basenodeelectrons in region bjt of material Silicon
Replacing Node Model basenodeelectrons:Electrons in region bjt of material Silicon
Replacing Node Model basenodeholes in region bjt of material Silicon
Replacing Node Model basenodeholes:Holes in region bjt of material Silicon
Warning: Replacing Contact Equation with Contact Equation of the same name.
Contact: base, Equation: ElectronContinuityEquation
Warning: Replacing Contact Equation with Contact Equation of the same name.
Contact: base, Equation: HoleContinuityEquation
Replacing Node Model emitternodemodel in region bjt of material Silicon
Replacing Node Model emitternodemodel:Potential in region bjt of material Silicon
Warning: Replacing Contact Equation with Contact Equation of the same name.
Contact: emitter, Equation: PotentialEquation
Replacing Node Model emitternodeelectrons in region bjt of material Silicon
Replacing Node Model emitternodeelectrons:Electrons in region bjt of material Silicon
Replacing Node Model emitternodeholes in region bjt of material Silicon
Replacing Node Model emitternodeholes:Holes in region bjt of material Silicon
Warning: Replacing Contact Equation with Contact Equation of the same name.
Contact: emitter, Equation: ElectronContinuityEquation
Warning: Replacing Contact Equation with Contact Equation of the same name.
Contact: emitter, Equation: HoleContinuityEquation
Replacing Node Model collectornodemodel in region bjt of material Silicon
Replacing Node Model collectornodemodel:Potential in region bjt of material Silicon
Warning: Replacing Contact Equation with Contact Equation of the same name.
Contact: collector, Equation: PotentialEquation
Replacing Node Model collectornodeelectrons in region bjt of material Silicon
Replacing Node Model collectornodeelectrons:Electrons in region bjt of material Silicon
Replacing Node Model collectornodeholes in region bjt of material Silicon
Replacing Node Model collectornodeholes:Holes in region bjt of material Silicon
Warning: Replacing Contact Equation with Contact Equation of the same name.
Contact: collector, Equation: ElectronContinuityEquation
Warning: Replacing Contact Equation with Contact Equation of the same name.
Contact: collector, Equation: HoleContinuityEquation
creating solution dcop with 6 nodes
number of equations 41337
creating solution dcop_prev with 6 nodes
Iteration: 0
  Device: "bjt"	RelError: 9.89786e-02	AbsError: 2.26824e+04
    Region: "bjt"	RelError: 9.89786e-02	AbsError: 2.26824e+04
      Equation: "ElectronContinuityEquation"	RelError: 2.92319e-02	AbsError: 2.24931e+04
      Equation: "HoleContinuityEquation"	RelError: 6.97467e-02	AbsError: 1.89245e+02
      Equation: "PotentialEquation"	RelError: 2.53422e-13	AbsError: 1.78512e-16
  Circuit: 	RelError: 7.27479e-07	AbsError: 9.09167e-17
number of equations 41337
Iteration: 0
  Device: "bjt"	RelError: 1.23354e-01	AbsError: 8.29570e+03
    Region: "bjt"	RelError: 1.23354e-01	AbsError: 8.29570e+03
      Equation: "ElectronContinuityEquation"	RelError: 9.65737e-02	AbsError: 8.18020e+03
      Equation: "HoleContinuityEquation"	RelError: 2.67800e-02	AbsError: 1.15499e+02
      Equation: "PotentialEquation"	RelError: 1.50596e-13	AbsError: 1.30251e-16
  Circuit: 	RelError: 5.78058e-07	AbsError: 6.08114e-17
Iteration: 1
  Device: "bjt"	RelError: 6.04411e-02	AbsError: 8.33608e+03
    Region: "bjt"	RelError: 6.04411e-02	AbsError: 8.33608e+03
      Equation: "ElectronContinuityEquation"	RelError: 3.68998e-02	AbsError: 8.18020e+03
      Equation: "HoleContinuityEquation"	RelError: 2.35413e-02	AbsError: 1.55884e+02
      Equation: "PotentialEquation"	RelError: 1.89292e-13	AbsError: 1.41996e-16
  Circuit: 	RelError: 8.47936e-08	AbsError: 1.39818e-17
number of equations 41337
Iteration: 0
  Device: "bjt"	RelError: 4.92766e-02	AbsError: 8.28100e+03
    Region: "bjt"	RelError: 4.92766e-02	AbsError: 8.28100e+03
      Equation: "ElectronContinuityEquation"	RelError: 2.51255e-02	AbsError: 8.18020e+03
      Equation: "HoleContinuityEquation"	RelError: 2.41511e-02	AbsError: 1.00802e+02
      Equation: "PotentialEquation"	RelError: 9.53952e-14	AbsError: 1.26069e-16
  Circuit: 	RelError: 9.24954e-08	AbsError: 1.41423e-17
last end 0.000000e+00 5.000000e-01
number of equations 41337
Iteration: 0
  Device: "bjt"	RelError: 5.56738e+02	AbsError: 1.24150e+17
    Region: "bjt"	RelError: 5.56738e+02	AbsError: 1.24150e+17
      Equation: "ElectronContinuityEquation"	RelError: 7.94367e-01	AbsError: 7.41672e+16
      Equation: "HoleContinuityEquation"	RelError: 7.97138e-01	AbsError: 4.99825e+16
      Equation: "PotentialEquation"	RelError: 5.55146e+02	AbsError: 4.09542e-02
  Circuit: 	RelError: 1.00000e+00	AbsError: 1.00000e-01
Iteration: 1
  Device: "bjt"	RelError: 1.16859e+03	AbsError: 1.24797e+16
    Region: "bjt"	RelError: 1.16859e+03	AbsError: 1.24797e+16
      Equation: "ElectronContinuityEquation"	RelError: 6.94796e-01	AbsError: 7.70854e+15
      Equation: "HoleContinuityEquation"	RelError: 7.80322e-01	AbsError: 4.77120e+15
      Equation: "PotentialEquation"	RelError: 1.16712e+03	AbsError: 3.07929e-02
  Circuit: 	RelError: 2.62753e-02	AbsError: 4.83480e-12
Iteration: 2
  Device: "bjt"	RelError: 3.74799e+02	AbsError: 2.87508e+15
    Region: "bjt"	RelError: 3.74799e+02	AbsError: 2.87508e+15
      Equation: "ElectronContinuityEquation"	RelError: 5.20873e-01	AbsError: 6.78277e+14
      Equation: "HoleContinuityEquation"	RelError: 5.02725e-01	AbsError: 2.19680e+15
      Equation: "PotentialEquation"	RelError: 3.73776e+02	AbsError: 2.58974e-02
  Circuit: 	RelError: 1.03760e-02	AbsError: 2.03289e-12
Iteration: 3
  Device: "bjt"	RelError: 1.33824e+00	AbsError: 1.85733e+15
    Region: "bjt"	RelError: 1.33824e+00	AbsError: 1.85733e+15
      Equation: "ElectronContinuityEquation"	RelError: 3.29695e-01	AbsError: 2.59179e+14
      Equation: "HoleContinuityEquation"	RelError: 2.53624e-01	AbsError: 1.59815e+15
      Equation: "PotentialEquation"	RelError: 7.54924e-01	AbsError: 9.20178e-03
  Circuit: 	RelError: 7.06516e-03	AbsError: 1.70727e-12
Iteration: 4
  Device: "bjt"	RelError: 7.89462e+00	AbsError: 2.40155e+15
    Region: "bjt"	RelError: 7.89462e+00	AbsError: 2.40155e+15
      Equation: "ElectronContinuityEquation"	RelError: 1.18755e-01	AbsError: 2.71285e+14
      Equation: "HoleContinuityEquation"	RelError: 4.69120e-02	AbsError: 2.13026e+15
      Equation: "PotentialEquation"	RelError: 7.72895e+00	AbsError: 5.14539e-04
  Circuit: 	RelError: 1.79321e-03	AbsError: 3.25353e-13
Iteration: 5
  Device: "bjt"	RelError: 1.16692e-02	AbsError: 4.57135e+12
    Region: "bjt"	RelError: 1.16692e-02	AbsError: 4.57135e+12
      Equation: "ElectronContinuityEquation"	RelError: 2.99625e-03	AbsError: 2.70545e+11
      Equation: "HoleContinuityEquation"	RelError: 1.45428e-03	AbsError: 4.30081e+12
      Equation: "PotentialEquation"	RelError: 7.21869e-03	AbsError: 7.17763e-07
  Circuit: 	RelError: 2.27048e-04	AbsError: 3.64697e-14
Iteration: 6
  Device: "bjt"	RelError: 3.09840e-03	AbsError: 1.99781e+06
    Region: "bjt"	RelError: 3.09840e-03	AbsError: 1.99781e+06
      Equation: "ElectronContinuityEquation"	RelError: 1.47645e-03	AbsError: 1.39668e+05
      Equation: "HoleContinuityEquation"	RelError: 1.62195e-03	AbsError: 1.85814e+06
      Equation: "PotentialEquation"	RelError: 1.49833e-09	AbsError: 9.95855e-13
  Circuit: 	RelError: 6.12341e-06	AbsError: 1.03933e-15
Iteration: 7
  Device: "bjt"	RelError: 3.19199e-03	AbsError: 9.62673e+03
    Region: "bjt"	RelError: 3.19199e-03	AbsError: 9.62673e+03
      Equation: "ElectronContinuityEquation"	RelError: 1.55563e-03	AbsError: 8.18438e+03
      Equation: "HoleContinuityEquation"	RelError: 1.63637e-03	AbsError: 1.44235e+03
      Equation: "PotentialEquation"	RelError: 1.19951e-11	AbsError: 2.48085e-15
  Circuit: 	RelError: 8.60981e-07	AbsError: 1.01723e-16
Succeeded
BIAS base 0.1
last end 1.000000e-01 5.000000e-01
number of equations 41337
Iteration: 0
  Device: "bjt"	RelError: 7.48877e+02	AbsError: 1.32698e+17
    Region: "bjt"	RelError: 7.48877e+02	AbsError: 1.32698e+17
      Equation: "ElectronContinuityEquation"	RelError: 7.94362e-01	AbsError: 7.58168e+16
      Equation: "HoleContinuityEquation"	RelError: 7.94361e-01	AbsError: 5.68808e+16
      Equation: "PotentialEquation"	RelError: 7.47289e+02	AbsError: 4.09542e-02
  Circuit: 	RelError: 5.00000e-01	AbsError: 1.00000e-01
Iteration: 1
  Device: "bjt"	RelError: 1.52111e+03	AbsError: 1.41205e+16
    Region: "bjt"	RelError: 1.52111e+03	AbsError: 1.41205e+16
      Equation: "ElectronContinuityEquation"	RelError: 6.94853e-01	AbsError: 8.57928e+15
      Equation: "HoleContinuityEquation"	RelError: 7.80056e-01	AbsError: 5.54122e+15
      Equation: "PotentialEquation"	RelError: 1.51964e+03	AbsError: 3.07938e-02
  Circuit: 	RelError: 9.17225e-02	AbsError: 2.36178e-11
Iteration: 2
  Device: "bjt"	RelError: 4.32635e+02	AbsError: 3.28062e+15
    Region: "bjt"	RelError: 4.32635e+02	AbsError: 3.28062e+15
      Equation: "ElectronContinuityEquation"	RelError: 5.21107e-01	AbsError: 9.17237e+14
      Equation: "HoleContinuityEquation"	RelError: 5.07821e-01	AbsError: 2.36338e+15
      Equation: "PotentialEquation"	RelError: 4.31607e+02	AbsError: 2.58902e-02
  Circuit: 	RelError: 5.36741e-02	AbsError: 1.41392e-11
Iteration: 3
  Device: "bjt"	RelError: 1.00157e+01	AbsError: 2.42417e+15
    Region: "bjt"	RelError: 1.00157e+01	AbsError: 2.42417e+15
      Equation: "ElectronContinuityEquation"	RelError: 3.26464e-01	AbsError: 2.40026e+14
      Equation: "HoleContinuityEquation"	RelError: 2.53993e-01	AbsError: 2.18414e+15
      Equation: "PotentialEquation"	RelError: 9.43523e+00	AbsError: 9.22149e-03
  Circuit: 	RelError: 2.72465e-02	AbsError: 6.85707e-12
Iteration: 4
  Device: "bjt"	RelError: 2.90094e+00	AbsError: 2.75950e+15
    Region: "bjt"	RelError: 2.90094e+00	AbsError: 2.75950e+15
      Equation: "ElectronContinuityEquation"	RelError: 1.19604e-01	AbsError: 2.71105e+14
      Equation: "HoleContinuityEquation"	RelError: 4.64287e-02	AbsError: 2.48839e+15
      Equation: "PotentialEquation"	RelError: 2.73490e+00	AbsError: 5.44886e-04
  Circuit: 	RelError: 1.73599e-02	AbsError: 4.51960e-12
Iteration: 5
  Device: "bjt"	RelError: 4.46038e-03	AbsError: 5.58382e+12
    Region: "bjt"	RelError: 4.46038e-03	AbsError: 5.58382e+12
      Equation: "ElectronContinuityEquation"	RelError: 9.84342e-04	AbsError: 2.43249e+11
      Equation: "HoleContinuityEquation"	RelError: 3.52504e-04	AbsError: 5.34057e+12
      Equation: "PotentialEquation"	RelError: 3.12353e-03	AbsError: 6.70046e-07
  Circuit: 	RelError: 2.74250e-04	AbsError: 4.07416e-14
Iteration: 6
  Device: "bjt"	RelError: 4.91358e-04	AbsError: 4.05484e+06
    Region: "bjt"	RelError: 4.91358e-04	AbsError: 4.05484e+06
      Equation: "ElectronContinuityEquation"	RelError: 4.38909e-04	AbsError: 1.83306e+05
      Equation: "HoleContinuityEquation"	RelError: 5.24463e-05	AbsError: 3.87153e+06
      Equation: "PotentialEquation"	RelError: 2.27547e-09	AbsError: 8.98359e-13
  Circuit: 	RelError: 3.41242e-06	AbsError: 6.79621e-16
Iteration: 7
  Device: "bjt"	RelError: 1.27835e-04	AbsError: 2.01960e+04
    Region: "bjt"	RelError: 1.27835e-04	AbsError: 2.01960e+04
      Equation: "ElectronContinuityEquation"	RelError: 5.37154e-05	AbsError: 8.19189e+03
      Equation: "HoleContinuityEquation"	RelError: 7.41198e-05	AbsError: 1.20041e+04
      Equation: "PotentialEquation"	RelError: 5.57088e-11	AbsError: 9.97651e-15
  Circuit: 	RelError: 8.32390e-08	AbsError: 1.29833e-17
Succeeded
BIAS base 0.2
last end 2.000000e-01 5.000000e-01
number of equations 41337
Iteration: 0
  Device: "bjt"	RelError: 4.84228e+03	AbsError: 1.36508e+17
    Region: "bjt"	RelError: 4.84228e+03	AbsError: 1.36508e+17
      Equation: "ElectronContinuityEquation"	RelError: 7.94362e-01	AbsError: 7.90424e+16
      Equation: "HoleContinuityEquation"	RelError: 7.94363e-01	AbsError: 5.74652e+16
      Equation: "PotentialEquation"	RelError: 4.84069e+03	AbsError: 4.09542e-02
  Circuit: 	RelError: 3.68819e-01	AbsError: 1.00000e-01
Iteration: 1
  Device: "bjt"	RelError: 4.44840e+02	AbsError: 1.60171e+16
    Region: "bjt"	RelError: 4.44840e+02	AbsError: 1.60171e+16
      Equation: "ElectronContinuityEquation"	RelError: 6.94379e-01	AbsError: 9.27451e+15
      Equation: "HoleContinuityEquation"	RelError: 7.79845e-01	AbsError: 6.74261e+15
      Equation: "PotentialEquation"	RelError: 4.43365e+02	AbsError: 3.07941e-02
  Circuit: 	RelError: 3.55109e-01	AbsError: 2.38543e-10
Iteration: 2
  Device: "bjt"	RelError: 7.56777e+02	AbsError: 3.36441e+15
    Region: "bjt"	RelError: 7.56777e+02	AbsError: 3.36441e+15
      Equation: "ElectronContinuityEquation"	RelError: 5.20507e-01	AbsError: 9.03889e+14
      Equation: "HoleContinuityEquation"	RelError: 5.07949e-01	AbsError: 2.46052e+15
      Equation: "PotentialEquation"	RelError: 7.55748e+02	AbsError: 2.58814e-02
  Circuit: 	RelError: 2.21093e-01	AbsError: 1.86869e-10
Iteration: 3
  Device: "bjt"	RelError: 2.01590e+00	AbsError: 3.09380e+15
    Region: "bjt"	RelError: 2.01590e+00	AbsError: 3.09380e+15
      Equation: "ElectronContinuityEquation"	RelError: 3.26766e-01	AbsError: 4.18586e+14
      Equation: "HoleContinuityEquation"	RelError: 2.53278e-01	AbsError: 2.67521e+15
      Equation: "PotentialEquation"	RelError: 1.43585e+00	AbsError: 9.20022e-03
  Circuit: 	RelError: 2.98107e-01	AbsError: 1.10397e-10
Iteration: 4
  Device: "bjt"	RelError: 7.36503e+00	AbsError: 3.02623e+15
    Region: "bjt"	RelError: 7.36503e+00	AbsError: 3.02623e+15
      Equation: "ElectronContinuityEquation"	RelError: 1.19391e-01	AbsError: 3.05292e+14
      Equation: "HoleContinuityEquation"	RelError: 4.60308e-02	AbsError: 2.72093e+15
      Equation: "PotentialEquation"	RelError: 7.19961e+00	AbsError: 5.65237e-04
  Circuit: 	RelError: 6.26233e-01	AbsError: 1.73664e-10
Iteration: 5
  Device: "bjt"	RelError: 9.15092e-03	AbsError: 5.95948e+12
    Region: "bjt"	RelError: 9.15092e-03	AbsError: 5.95948e+12
      Equation: "ElectronContinuityEquation"	RelError: 1.06808e-03	AbsError: 2.68408e+11
      Equation: "HoleContinuityEquation"	RelError: 3.89313e-04	AbsError: 5.69108e+12
      Equation: "PotentialEquation"	RelError: 7.69353e-03	AbsError: 7.22871e-07
  Circuit: 	RelError: 6.23755e-03	AbsError: 1.62314e-12
Iteration: 6
  Device: "bjt"	RelError: 4.35730e-04	AbsError: 5.51580e+06
    Region: "bjt"	RelError: 4.35730e-04	AbsError: 5.51580e+06
      Equation: "ElectronContinuityEquation"	RelError: 4.28432e-04	AbsError: 3.52633e+05
      Equation: "HoleContinuityEquation"	RelError: 7.28443e-06	AbsError: 5.16317e+06
      Equation: "PotentialEquation"	RelError: 1.33879e-08	AbsError: 1.23961e-12
  Circuit: 	RelError: 4.47413e-05	AbsError: 4.39065e-14
Iteration: 7
  Device: "bjt"	RelError: 1.57338e-06	AbsError: 1.33363e+05
    Region: "bjt"	RelError: 1.57338e-06	AbsError: 1.33363e+05
      Equation: "ElectronContinuityEquation"	RelError: 9.28298e-07	AbsError: 4.31438e+04
      Equation: "HoleContinuityEquation"	RelError: 6.44997e-07	AbsError: 9.02187e+04
      Equation: "PotentialEquation"	RelError: 8.23571e-11	AbsError: 5.83258e-14
  Circuit: 	RelError: 6.36464e-08	AbsError: 2.13668e-17
Succeeded
BIAS base 0.3
last end 3.000000e-01 5.000000e-01
number of equations 41337
Iteration: 0
  Device: "bjt"	RelError: 5.41276e+02	AbsError: 1.37026e+17
    Region: "bjt"	RelError: 5.41276e+02	AbsError: 1.37026e+17
      Equation: "ElectronContinuityEquation"	RelError: 7.94362e-01	AbsError: 8.09264e+16
      Equation: "HoleContinuityEquation"	RelError: 7.94362e-01	AbsError: 5.60997e+16
      Equation: "PotentialEquation"	RelError: 5.39687e+02	AbsError: 4.09542e-02
  Circuit: 	RelError: 6.83530e-01	AbsError: 1.00000e-01
Iteration: 1
  Device: "bjt"	RelError: 5.94989e+02	AbsError: 1.86672e+16
    Region: "bjt"	RelError: 5.94989e+02	AbsError: 1.86672e+16
      Equation: "ElectronContinuityEquation"	RelError: 6.94020e-01	AbsError: 1.20800e+16
      Equation: "HoleContinuityEquation"	RelError: 7.80077e-01	AbsError: 6.58721e+15
      Equation: "PotentialEquation"	RelError: 5.93515e+02	AbsError: 3.07943e-02
  Circuit: 	RelError: 7.97757e-01	AbsError: 4.57308e-09
Iteration: 2
  Device: "bjt"	RelError: 2.16611e+02	AbsError: 4.12062e+15
    Region: "bjt"	RelError: 2.16611e+02	AbsError: 4.12062e+15
      Equation: "ElectronContinuityEquation"	RelError: 5.27509e-01	AbsError: 1.46972e+15
      Equation: "HoleContinuityEquation"	RelError: 5.31997e-01	AbsError: 2.65090e+15
      Equation: "PotentialEquation"	RelError: 2.15551e+02	AbsError: 2.58863e-02
  Circuit: 	RelError: 4.12063e-01	AbsError: 5.29420e-09
Iteration: 3
  Device: "bjt"	RelError: 2.21064e+03	AbsError: 3.83607e+15
    Region: "bjt"	RelError: 2.21064e+03	AbsError: 3.83607e+15
      Equation: "ElectronContinuityEquation"	RelError: 3.22131e-01	AbsError: 8.31310e+14
      Equation: "HoleContinuityEquation"	RelError: 2.54234e-01	AbsError: 3.00476e+15
      Equation: "PotentialEquation"	RelError: 2.21006e+03	AbsError: 9.17557e-03
  Circuit: 	RelError: 7.15596e-01	AbsError: 5.01995e-09
Iteration: 4
  Device: "bjt"	RelError: 2.47223e+00	AbsError: 3.18709e+15
    Region: "bjt"	RelError: 2.47223e+00	AbsError: 3.18709e+15
      Equation: "ElectronContinuityEquation"	RelError: 1.20700e-01	AbsError: 3.57837e+14
      Equation: "HoleContinuityEquation"	RelError: 4.59521e-02	AbsError: 2.82925e+15
      Equation: "PotentialEquation"	RelError: 2.30558e+00	AbsError: 5.36731e-04
  Circuit: 	RelError: 1.94481e+01	AbsError: 8.05088e-09
Iteration: 5
  Device: "bjt"	RelError: 2.99625e-03	AbsError: 5.73639e+12
    Region: "bjt"	RelError: 2.99625e-03	AbsError: 5.73639e+12
      Equation: "ElectronContinuityEquation"	RelError: 1.14034e-03	AbsError: 3.50897e+11
      Equation: "HoleContinuityEquation"	RelError: 3.49680e-04	AbsError: 5.38549e+12
      Equation: "PotentialEquation"	RelError: 1.50623e-03	AbsError: 6.70165e-07
  Circuit: 	RelError: 1.79366e-01	AbsError: 8.33992e-11
Iteration: 6
  Device: "bjt"	RelError: 4.14943e-04	AbsError: 7.02620e+06
    Region: "bjt"	RelError: 4.14943e-04	AbsError: 7.02620e+06
      Equation: "ElectronContinuityEquation"	RelError: 4.13086e-04	AbsError: 3.65239e+06
      Equation: "HoleContinuityEquation"	RelError: 1.82701e-06	AbsError: 3.37382e+06
      Equation: "PotentialEquation"	RelError: 2.92480e-08	AbsError: 2.49646e-12
  Circuit: 	RelError: 1.22795e-04	AbsError: 2.13360e-12
Iteration: 7
  Device: "bjt"	RelError: 4.22622e-07	AbsError: 4.15238e+05
    Region: "bjt"	RelError: 4.22622e-07	AbsError: 4.15238e+05
      Equation: "ElectronContinuityEquation"	RelError: 3.99088e-07	AbsError: 6.61789e+04
      Equation: "HoleContinuityEquation"	RelError: 2.32415e-08	AbsError: 3.49059e+05
      Equation: "PotentialEquation"	RelError: 2.92013e-10	AbsError: 8.70083e-14
  Circuit: 	RelError: 1.07846e-07	AbsError: 5.26201e-17
Succeeded
BIAS base 0.4
last end 4.000000e-01 5.000000e-01
setting to last bias 5.000000e-01
setting next bias 5.000000e-01
number of equations 41337
Iteration: 0
  Device: "bjt"	RelError: 7.39177e+03	AbsError: 1.47068e+17
    Region: "bjt"	RelError: 7.39177e+03	AbsError: 1.47068e+17
      Equation: "ElectronContinuityEquation"	RelError: 7.94362e-01	AbsError: 8.23110e+16
      Equation: "HoleContinuityEquation"	RelError: 7.94362e-01	AbsError: 6.47571e+16
      Equation: "PotentialEquation"	RelError: 7.39018e+03	AbsError: 4.09542e-02
  Circuit: 	RelError: 7.72777e-01	AbsError: 1.00000e-01
Iteration: 1
  Device: "bjt"	RelError: 7.17300e+00	AbsError: 2.13127e+16
    Region: "bjt"	RelError: 7.17300e+00	AbsError: 2.13127e+16
      Equation: "ElectronContinuityEquation"	RelError: 6.94176e-01	AbsError: 1.29910e+16
      Equation: "HoleContinuityEquation"	RelError: 7.79792e-01	AbsError: 8.32174e+15
      Equation: "PotentialEquation"	RelError: 5.69904e+00	AbsError: 3.07970e-02
  Circuit: 	RelError: 9.75048e-01	AbsError: 1.63313e-07
Iteration: 2
  Device: "bjt"	RelError: 1.84156e+00	AbsError: 5.10889e+15
    Region: "bjt"	RelError: 1.84156e+00	AbsError: 5.10889e+15
      Equation: "ElectronContinuityEquation"	RelError: 5.35679e-01	AbsError: 2.22929e+15
      Equation: "HoleContinuityEquation"	RelError: 5.26067e-01	AbsError: 2.87959e+15
      Equation: "PotentialEquation"	RelError: 7.79813e-01	AbsError: 2.58860e-02
  Circuit: 	RelError: 6.14512e-01	AbsError: 2.19605e-07
Iteration: 3
  Device: "bjt"	RelError: 8.34367e-01	AbsError: 2.69258e+15
    Region: "bjt"	RelError: 8.34367e-01	AbsError: 2.69258e+15
      Equation: "ElectronContinuityEquation"	RelError: 3.13545e-01	AbsError: 8.40411e+14
      Equation: "HoleContinuityEquation"	RelError: 2.48656e-01	AbsError: 1.85217e+15
      Equation: "PotentialEquation"	RelError: 2.72166e-01	AbsError: 9.18714e-03
  Circuit: 	RelError: 6.70646e-01	AbsError: 2.05084e-07
Iteration: 4
  Device: "bjt"	RelError: 1.71891e-01	AbsError: 2.06374e+15
    Region: "bjt"	RelError: 1.71891e-01	AbsError: 2.06374e+15
      Equation: "ElectronContinuityEquation"	RelError: 1.20303e-01	AbsError: 3.80065e+14
      Equation: "HoleContinuityEquation"	RelError: 4.41330e-02	AbsError: 1.68367e+15
      Equation: "PotentialEquation"	RelError: 7.45465e-03	AbsError: 5.32825e-04
  Circuit: 	RelError: 1.27805e+03	AbsError: 3.68768e-07
Iteration: 5
  Device: "bjt"	RelError: 1.51558e-03	AbsError: 3.49187e+12
    Region: "bjt"	RelError: 1.51558e-03	AbsError: 3.49187e+12
      Equation: "ElectronContinuityEquation"	RelError: 1.15542e-03	AbsError: 2.86809e+11
      Equation: "HoleContinuityEquation"	RelError: 3.53524e-04	AbsError: 3.20506e+12
      Equation: "PotentialEquation"	RelError: 6.62971e-06	AbsError: 5.71335e-07
  Circuit: 	RelError: 9.61435e-01	AbsError: 4.46238e-09
Iteration: 6
  Device: "bjt"	RelError: 3.95127e-04	AbsError: 3.02106e+08
    Region: "bjt"	RelError: 3.95127e-04	AbsError: 3.02106e+08
      Equation: "ElectronContinuityEquation"	RelError: 3.93097e-04	AbsError: 1.69787e+08
      Equation: "HoleContinuityEquation"	RelError: 2.02766e-06	AbsError: 1.32318e+08
      Equation: "PotentialEquation"	RelError: 1.88226e-09	AbsError: 7.98654e-11
  Circuit: 	RelError: 1.53288e-04	AbsError: 1.00214e-10
Iteration: 7
  Device: "bjt"	RelError: 6.36054e-08	AbsError: 2.17653e+06
    Region: "bjt"	RelError: 6.36054e-08	AbsError: 2.17653e+06
      Equation: "ElectronContinuityEquation"	RelError: 6.27912e-08	AbsError: 2.23400e+05
      Equation: "HoleContinuityEquation"	RelError: 8.06736e-10	AbsError: 1.95313e+06
      Equation: "PotentialEquation"	RelError: 7.53909e-12	AbsError: 5.68074e-13
  Circuit: 	RelError: 3.22635e-09	AbsError: 2.29590e-17
Iteration: 8
  Device: "bjt"	RelError: 7.53405e-10	AbsError: 8.31456e+03
    Region: "bjt"	RelError: 7.53405e-10	AbsError: 8.31456e+03
      Equation: "ElectronContinuityEquation"	RelError: 2.99554e-10	AbsError: 8.17295e+03
      Equation: "HoleContinuityEquation"	RelError: 4.53849e-10	AbsError: 1.41610e+02
      Equation: "PotentialEquation"	RelError: 1.64814e-15	AbsError: 1.13019e-16
  Circuit: 	RelError: 3.12280e-10	AbsError: 1.30266e-18
Succeeded
BIAS base 0.5
HEADER: V(base) V(collector) V(emitter) I(base) I(collector) I(emitter)
last end 0.000000e+00 1.500000e+00
number of equations 41337
Iteration: 0
  Device: "bjt"	RelError: 3.03736e+03	AbsError: 1.04492e+16
    Region: "bjt"	RelError: 3.03736e+03	AbsError: 1.04492e+16
      Equation: "ElectronContinuityEquation"	RelError: 2.03824e+03	AbsError: 2.84473e+15
      Equation: "HoleContinuityEquation"	RelError: 9.99000e+02	AbsError: 7.60443e+15
      Equation: "PotentialEquation"	RelError: 1.23386e-01	AbsError: 4.09542e-02
  Circuit: 	RelError: 1.36416e+00	AbsError: 1.00034e-01
Iteration: 1
  Device: "bjt"	RelError: 2.07496e+00	AbsError: 2.06715e+15
    Region: "bjt"	RelError: 2.07496e+00	AbsError: 2.06715e+15
      Equation: "ElectronContinuityEquation"	RelError: 9.98692e-01	AbsError: 9.14874e+14
      Equation: "HoleContinuityEquation"	RelError: 9.97680e-01	AbsError: 1.15227e+15
      Equation: "PotentialEquation"	RelError: 7.85892e-02	AbsError: 3.07659e-02
  Circuit: 	RelError: 2.49756e+01	AbsError: 2.66077e-05
Iteration: 2
  Device: "bjt"	RelError: 9.46340e+04	AbsError: 3.03675e+14
    Region: "bjt"	RelError: 9.46340e+04	AbsError: 3.03675e+14
      Equation: "ElectronContinuityEquation"	RelError: 7.54329e+00	AbsError: 1.59827e+14
      Equation: "HoleContinuityEquation"	RelError: 9.46264e+04	AbsError: 1.43848e+14
      Equation: "PotentialEquation"	RelError: 5.81541e-02	AbsError: 2.58935e-02
  Circuit: 	RelError: 8.00246e+00	AbsError: 6.70851e-07
Iteration: 3
  Device: "bjt"	RelError: 1.50311e+00	AbsError: 3.44206e+14
    Region: "bjt"	RelError: 1.50311e+00	AbsError: 3.44206e+14
      Equation: "ElectronContinuityEquation"	RelError: 4.82782e-01	AbsError: 2.98874e+14
      Equation: "HoleContinuityEquation"	RelError: 9.99964e-01	AbsError: 4.53320e+13
      Equation: "PotentialEquation"	RelError: 2.03639e-02	AbsError: 9.22975e-03
  Circuit: 	RelError: 6.28262e-01	AbsError: 7.75242e-08
Iteration: 4
  Device: "bjt"	RelError: 4.85181e-01	AbsError: 3.41112e+14
    Region: "bjt"	RelError: 4.85181e-01	AbsError: 3.41112e+14
      Equation: "ElectronContinuityEquation"	RelError: 4.24449e-02	AbsError: 3.04403e+14
      Equation: "HoleContinuityEquation"	RelError: 4.40892e-01	AbsError: 3.67093e+13
      Equation: "PotentialEquation"	RelError: 1.84378e-03	AbsError: 7.95383e-04
  Circuit: 	RelError: 5.37306e-02	AbsError: 4.50419e-09
Iteration: 5
  Device: "bjt"	RelError: 8.75252e-03	AbsError: 3.23169e+12
    Region: "bjt"	RelError: 8.75252e-03	AbsError: 3.23169e+12
      Equation: "ElectronContinuityEquation"	RelError: 3.30815e-03	AbsError: 2.91843e+12
      Equation: "HoleContinuityEquation"	RelError: 5.43021e-03	AbsError: 3.13251e+11
      Equation: "PotentialEquation"	RelError: 1.41541e-05	AbsError: 6.09704e-06
  Circuit: 	RelError: 7.61326e-05	AbsError: 2.44215e-10
Iteration: 6
  Device: "bjt"	RelError: 2.47816e-04	AbsError: 6.22750e+09
    Region: "bjt"	RelError: 2.47816e-04	AbsError: 6.22750e+09
      Equation: "ElectronContinuityEquation"	RelError: 2.43993e-04	AbsError: 3.94374e+09
      Equation: "HoleContinuityEquation"	RelError: 3.75546e-06	AbsError: 2.28376e+09
      Equation: "PotentialEquation"	RelError: 6.76657e-08	AbsError: 2.23678e-08
  Circuit: 	RelError: 1.82213e-06	AbsError: 7.49608e-12
Iteration: 7
  Device: "bjt"	RelError: 9.04335e-07	AbsError: 3.24659e+07
    Region: "bjt"	RelError: 9.04335e-07	AbsError: 3.24659e+07
      Equation: "ElectronContinuityEquation"	RelError: 9.02980e-07	AbsError: 3.05399e+07
      Equation: "HoleContinuityEquation"	RelError: 1.26983e-09	AbsError: 1.92598e+06
      Equation: "PotentialEquation"	RelError: 8.49253e-11	AbsError: 3.29181e-11
  Circuit: 	RelError: 2.95751e-10	AbsError: 4.93260e-16
Iteration: 8
  Device: "bjt"	RelError: 2.27226e-09	AbsError: 2.04655e+05
    Region: "bjt"	RelError: 2.27226e-09	AbsError: 2.04655e+05
      Equation: "ElectronContinuityEquation"	RelError: 1.72082e-09	AbsError: 1.96262e+05
      Equation: "HoleContinuityEquation"	RelError: 5.50857e-10	AbsError: 8.39247e+03
      Equation: "PotentialEquation"	RelError: 5.79089e-13	AbsError: 2.22985e-13
  Circuit: 	RelError: 4.79881e-12	AbsError: 3.74978e-17
Succeeded
CURVE: 0.5 0.1 1.92892880461924e-30 1.05734107166461e-08 3.90685720056689e-06 -3.91743061128353e-06
last end 1.000000e-01 1.500000e+00
number of equations 41337
Iteration: 0
  Device: "bjt"	RelError: 4.46502e+03	AbsError: 9.91771e+15
    Region: "bjt"	RelError: 4.46502e+03	AbsError: 9.91771e+15
      Equation: "ElectronContinuityEquation"	RelError: 1.67075e+03	AbsError: 2.27970e+15
      Equation: "HoleContinuityEquation"	RelError: 2.79415e+03	AbsError: 7.63800e+15
      Equation: "PotentialEquation"	RelError: 1.17941e-01	AbsError: 4.09542e-02
  Circuit: 	RelError: 1.54913e+00	AbsError: 1.00001e-01
Iteration: 1
  Device: "bjt"	RelError: 2.06421e+00	AbsError: 1.64041e+15
    Region: "bjt"	RelError: 2.06421e+00	AbsError: 1.64041e+15
      Equation: "ElectronContinuityEquation"	RelError: 9.98673e-01	AbsError: 6.20325e+14
      Equation: "HoleContinuityEquation"	RelError: 9.99011e-01	AbsError: 1.02009e+15
      Equation: "PotentialEquation"	RelError: 6.65254e-02	AbsError: 3.07647e-02
  Circuit: 	RelError: 6.58279e+00	AbsError: 5.42030e-07
Iteration: 2
  Device: "bjt"	RelError: 1.00679e+03	AbsError: 1.42378e+14
    Region: "bjt"	RelError: 1.00679e+03	AbsError: 1.42378e+14
      Equation: "ElectronContinuityEquation"	RelError: 7.74517e+00	AbsError: 9.19689e+13
      Equation: "HoleContinuityEquation"	RelError: 9.99000e+02	AbsError: 5.04093e+13
      Equation: "PotentialEquation"	RelError: 4.75951e-02	AbsError: 2.58983e-02
  Circuit: 	RelError: 4.68479e-01	AbsError: 1.60980e-08
Iteration: 3
  Device: "bjt"	RelError: 1.51708e+00	AbsError: 2.68602e+14
    Region: "bjt"	RelError: 1.51708e+00	AbsError: 2.68602e+14
      Equation: "ElectronContinuityEquation"	RelError: 5.03467e-01	AbsError: 2.31783e+14
      Equation: "HoleContinuityEquation"	RelError: 9.96850e-01	AbsError: 3.68193e+13
      Equation: "PotentialEquation"	RelError: 1.67590e-02	AbsError: 9.27202e-03
  Circuit: 	RelError: 7.62338e-02	AbsError: 1.79661e-09
Iteration: 4
  Device: "bjt"	RelError: 4.72232e-01	AbsError: 2.67251e+14
    Region: "bjt"	RelError: 4.72232e-01	AbsError: 2.67251e+14
      Equation: "ElectronContinuityEquation"	RelError: 3.72600e-02	AbsError: 2.35295e+14
      Equation: "HoleContinuityEquation"	RelError: 4.33640e-01	AbsError: 3.19554e+13
      Equation: "PotentialEquation"	RelError: 1.33267e-03	AbsError: 7.13365e-04
  Circuit: 	RelError: 6.61901e-03	AbsError: 1.11308e-10
Iteration: 5
  Device: "bjt"	RelError: 8.48997e-03	AbsError: 2.19106e+12
    Region: "bjt"	RelError: 8.48997e-03	AbsError: 2.19106e+12
      Equation: "ElectronContinuityEquation"	RelError: 3.98398e-03	AbsError: 1.97442e+12
      Equation: "HoleContinuityEquation"	RelError: 4.49715e-03	AbsError: 2.16642e+11
      Equation: "PotentialEquation"	RelError: 8.83725e-06	AbsError: 4.75045e-06
  Circuit: 	RelError: 1.30246e-05	AbsError: 3.23106e-12
Iteration: 6
  Device: "bjt"	RelError: 1.04420e-04	AbsError: 5.62304e+09
    Region: "bjt"	RelError: 1.04420e-04	AbsError: 5.62304e+09
      Equation: "ElectronContinuityEquation"	RelError: 1.01091e-04	AbsError: 4.15062e+09
      Equation: "HoleContinuityEquation"	RelError: 3.28043e-06	AbsError: 1.47242e+09
      Equation: "PotentialEquation"	RelError: 4.82084e-08	AbsError: 2.20675e-08
  Circuit: 	RelError: 3.04063e-07	AbsError: 4.11747e-14
Iteration: 7
  Device: "bjt"	RelError: 1.83415e-07	AbsError: 3.88718e+07
    Region: "bjt"	RelError: 1.83415e-07	AbsError: 3.88718e+07
      Equation: "ElectronContinuityEquation"	RelError: 1.80983e-07	AbsError: 3.58436e+07
      Equation: "HoleContinuityEquation"	RelError: 2.31376e-09	AbsError: 3.02819e+06
      Equation: "PotentialEquation"	RelError: 1.18173e-10	AbsError: 5.98660e-11
  Circuit: 	RelError: 1.43549e-10	AbsError: 2.00388e-18
Iteration: 8
  Device: "bjt"	RelError: 1.25841e-09	AbsError: 3.43135e+05
    Region: "bjt"	RelError: 1.25841e-09	AbsError: 3.43135e+05
      Equation: "ElectronContinuityEquation"	RelError: 7.55771e-10	AbsError: 3.28810e+05
      Equation: "HoleContinuityEquation"	RelError: 5.01715e-10	AbsError: 1.43248e+04
      Equation: "PotentialEquation"	RelError: 9.21333e-13	AbsError: 4.65924e-13
  Circuit: 	RelError: 6.31320e-12	AbsError: 5.05685e-17
Succeeded
CURVE: 0.5 0.2 0 2.37567546512639e-09 4.00491829374446e-06 -4.00729396920958e-06
last end 2.000000e-01 1.500000e+00
number of equations 41337
Iteration: 0
  Device: "bjt"	RelError: 5.12138e+03	AbsError: 8.93841e+15
    Region: "bjt"	RelError: 5.12138e+03	AbsError: 8.93841e+15
      Equation: "ElectronContinuityEquation"	RelError: 2.21828e+03	AbsError: 1.97775e+15
      Equation: "HoleContinuityEquation"	RelError: 2.90300e+03	AbsError: 6.96066e+15
      Equation: "PotentialEquation"	RelError: 1.03176e-01	AbsError: 4.09542e-02
  Circuit: 	RelError: 7.45601e-01	AbsError: 1.00000e-01
Iteration: 1
  Device: "bjt"	RelError: 2.05546e+00	AbsError: 1.29014e+15
    Region: "bjt"	RelError: 2.05546e+00	AbsError: 1.29014e+15
      Equation: "ElectronContinuityEquation"	RelError: 9.98805e-01	AbsError: 4.51322e+14
      Equation: "HoleContinuityEquation"	RelError: 9.99069e-01	AbsError: 8.38820e+14
      Equation: "PotentialEquation"	RelError: 5.75821e-02	AbsError: 3.07640e-02
  Circuit: 	RelError: 3.83438e-01	AbsError: 1.27622e-08
Iteration: 2
  Device: "bjt"	RelError: 3.02153e+04	AbsError: 9.42961e+13
    Region: "bjt"	RelError: 3.02153e+04	AbsError: 9.42961e+13
      Equation: "ElectronContinuityEquation"	RelError: 7.49213e+00	AbsError: 6.41824e+13
      Equation: "HoleContinuityEquation"	RelError: 3.02078e+04	AbsError: 3.01137e+13
      Equation: "PotentialEquation"	RelError: 4.03123e-02	AbsError: 2.58936e-02
  Circuit: 	RelError: 8.86291e-02	AbsError: 8.17469e-10
Iteration: 3
  Device: "bjt"	RelError: 1.52700e+00	AbsError: 2.43200e+14
    Region: "bjt"	RelError: 1.52700e+00	AbsError: 2.43200e+14
      Equation: "ElectronContinuityEquation"	RelError: 5.12990e-01	AbsError: 2.27775e+14
      Equation: "HoleContinuityEquation"	RelError: 9.99882e-01	AbsError: 1.54242e+13
      Equation: "PotentialEquation"	RelError: 1.41268e-02	AbsError: 9.22833e-03
  Circuit: 	RelError: 3.99904e-03	AbsError: 5.49067e-11
Iteration: 4
  Device: "bjt"	RelError: 4.62815e-01	AbsError: 2.41480e+14
    Region: "bjt"	RelError: 4.62815e-01	AbsError: 2.41480e+14
      Equation: "ElectronContinuityEquation"	RelError: 3.43014e-02	AbsError: 2.29678e+14
      Equation: "HoleContinuityEquation"	RelError: 4.27992e-01	AbsError: 1.18020e+13
      Equation: "PotentialEquation"	RelError: 5.21801e-04	AbsError: 3.35430e-04
  Circuit: 	RelError: 5.42701e-04	AbsError: 3.56073e-12
Iteration: 5
  Device: "bjt"	RelError: 4.36285e-03	AbsError: 4.91936e+11
    Region: "bjt"	RelError: 4.36285e-03	AbsError: 4.91936e+11
      Equation: "ElectronContinuityEquation"	RelError: 2.54143e-03	AbsError: 4.54926e+11
      Equation: "HoleContinuityEquation"	RelError: 1.82006e-03	AbsError: 3.70098e+10
      Equation: "PotentialEquation"	RelError: 1.35951e-06	AbsError: 8.51098e-07
  Circuit: 	RelError: 1.45597e-06	AbsError: 5.88229e-14
Iteration: 6
  Device: "bjt"	RelError: 1.64730e-05	AbsError: 2.75100e+09
    Region: "bjt"	RelError: 1.64730e-05	AbsError: 2.75100e+09
      Equation: "ElectronContinuityEquation"	RelError: 1.37681e-05	AbsError: 2.16826e+09
      Equation: "HoleContinuityEquation"	RelError: 2.68524e-06	AbsError: 5.82739e+08
      Equation: "PotentialEquation"	RelError: 1.96577e-08	AbsError: 1.15870e-08
  Circuit: 	RelError: 8.31368e-09	AbsError: 1.83171e-15
Iteration: 7
  Device: "bjt"	RelError: 3.83835e-08	AbsError: 3.55244e+07
    Region: "bjt"	RelError: 3.83835e-08	AbsError: 3.55244e+07
      Equation: "ElectronContinuityEquation"	RelError: 3.59563e-08	AbsError: 3.36612e+07
      Equation: "HoleContinuityEquation"	RelError: 2.32628e-09	AbsError: 1.86315e+06
      Equation: "PotentialEquation"	RelError: 1.00915e-10	AbsError: 6.02122e-11
  Circuit: 	RelError: 2.73453e-12	AbsError: 2.19628e-17
Iteration: 8
  Device: "bjt"	RelError: 1.19320e-09	AbsError: 1.50245e+04
    Region: "bjt"	RelError: 1.19320e-09	AbsError: 1.50245e+04
      Equation: "ElectronContinuityEquation"	RelError: 4.70585e-10	AbsError: 1.45464e+04
      Equation: "HoleContinuityEquation"	RelError: 7.22583e-10	AbsError: 4.78118e+02
      Equation: "PotentialEquation"	RelError: 3.02881e-14	AbsError: 1.82270e-14
  Circuit: 	RelError: 3.77310e-12	AbsError: 3.02984e-17
Succeeded
CURVE: 0.5 0.3 0 2.02030156285571e-09 4.01412437771971e-06 -4.01614467928256e-06
last end 3.000000e-01 1.500000e+00
number of equations 41337
Iteration: 0
  Device: "bjt"	RelError: 6.89035e+03	AbsError: 8.32860e+15
    Region: "bjt"	RelError: 6.89035e+03	AbsError: 8.32860e+15
      Equation: "ElectronContinuityEquation"	RelError: 9.99000e+02	AbsError: 1.77792e+15
      Equation: "HoleContinuityEquation"	RelError: 5.89125e+03	AbsError: 6.55068e+15
      Equation: "PotentialEquation"	RelError: 9.85822e-02	AbsError: 4.09542e-02
  Circuit: 	RelError: 2.50000e-01	AbsError: 1.00000e-01
Iteration: 1
  Device: "bjt"	RelError: 2.04830e+00	AbsError: 1.11927e+15
    Region: "bjt"	RelError: 2.04830e+00	AbsError: 1.11927e+15
      Equation: "ElectronContinuityEquation"	RelError: 9.98676e-01	AbsError: 3.54337e+14
      Equation: "HoleContinuityEquation"	RelError: 9.99542e-01	AbsError: 7.64934e+14
      Equation: "PotentialEquation"	RelError: 5.00851e-02	AbsError: 3.07639e-02
  Circuit: 	RelError: 8.78275e-02	AbsError: 9.60036e-10
Iteration: 2
  Device: "bjt"	RelError: 6.74006e+03	AbsError: 6.15554e+13
    Region: "bjt"	RelError: 6.74006e+03	AbsError: 6.15554e+13
      Equation: "ElectronContinuityEquation"	RelError: 8.79685e+00	AbsError: 4.72567e+13
      Equation: "HoleContinuityEquation"	RelError: 6.73123e+03	AbsError: 1.42986e+13
      Equation: "PotentialEquation"	RelError: 3.49670e-02	AbsError: 2.58967e-02
  Circuit: 	RelError: 7.24097e-02	AbsError: 3.60616e-10
Iteration: 3
  Device: "bjt"	RelError: 1.52964e+00	AbsError: 1.53385e+14
    Region: "bjt"	RelError: 1.52964e+00	AbsError: 1.53385e+14
      Equation: "ElectronContinuityEquation"	RelError: 5.17928e-01	AbsError: 1.40936e+14
      Equation: "HoleContinuityEquation"	RelError: 9.99474e-01	AbsError: 1.24487e+13
      Equation: "PotentialEquation"	RelError: 1.22369e-02	AbsError: 9.21715e-03
  Circuit: 	RelError: 3.69234e-04	AbsError: 9.30280e-12
Iteration: 4
  Device: "bjt"	RelError: 4.50938e-01	AbsError: 1.53144e+14
    Region: "bjt"	RelError: 4.50938e-01	AbsError: 1.53144e+14
      Equation: "ElectronContinuityEquation"	RelError: 2.40618e-02	AbsError: 1.42903e+14
      Equation: "HoleContinuityEquation"	RelError: 4.26368e-01	AbsError: 1.02415e+13
      Equation: "PotentialEquation"	RelError: 5.07834e-04	AbsError: 3.74412e-04
  Circuit: 	RelError: 7.27138e-05	AbsError: 3.53399e-12
Iteration: 5
  Device: "bjt"	RelError: 3.30564e-03	AbsError: 3.66685e+11
    Region: "bjt"	RelError: 3.30564e-03	AbsError: 3.66685e+11
      Equation: "ElectronContinuityEquation"	RelError: 1.82123e-03	AbsError: 3.28958e+11
      Equation: "HoleContinuityEquation"	RelError: 1.48282e-03	AbsError: 3.77266e+10
      Equation: "PotentialEquation"	RelError: 1.59245e-06	AbsError: 1.15903e-06
  Circuit: 	RelError: 1.48811e-07	AbsError: 1.53993e-14
Iteration: 6
  Device: "bjt"	RelError: 2.81753e-05	AbsError: 2.93964e+09
    Region: "bjt"	RelError: 2.81753e-05	AbsError: 2.93964e+09
      Equation: "ElectronContinuityEquation"	RelError: 2.57180e-05	AbsError: 2.47887e+09
      Equation: "HoleContinuityEquation"	RelError: 2.44015e-06	AbsError: 4.60772e+08
      Equation: "PotentialEquation"	RelError: 1.72322e-08	AbsError: 1.17328e-08
  Circuit: 	RelError: 5.95831e-10	AbsError: 1.60454e-15
Iteration: 7
  Device: "bjt"	RelError: 4.67233e-08	AbsError: 2.67163e+07
    Region: "bjt"	RelError: 4.67233e-08	AbsError: 2.67163e+07
      Equation: "ElectronContinuityEquation"	RelError: 4.47290e-08	AbsError: 2.52246e+07
      Equation: "HoleContinuityEquation"	RelError: 1.92365e-09	AbsError: 1.49165e+06
      Equation: "PotentialEquation"	RelError: 7.06680e-11	AbsError: 4.99323e-11
  Circuit: 	RelError: 1.72480e-12	AbsError: 1.38764e-17
Iteration: 8
  Device: "bjt"	RelError: 7.85729e-10	AbsError: 8.28362e+03
    Region: "bjt"	RelError: 7.85729e-10	AbsError: 8.28362e+03
      Equation: "ElectronContinuityEquation"	RelError: 2.34960e-10	AbsError: 8.17654e+03
      Equation: "HoleContinuityEquation"	RelError: 5.50768e-10	AbsError: 1.07076e+02
      Equation: "PotentialEquation"	RelError: 1.64814e-15	AbsError: 1.98793e-16
  Circuit: 	RelError: 2.25385e-12	AbsError: 1.55060e-17
Succeeded
CURVE: 0.5 0.4 8.41060806977521e-33 1.98970172360471e-09 4.02096453420045e-06 -4.02295423592406e-06
last end 4.000000e-01 1.500000e+00
number of equations 41337
Iteration: 0
  Device: "bjt"	RelError: 6.23725e+03	AbsError: 8.30993e+15
    Region: "bjt"	RelError: 6.23725e+03	AbsError: 8.30993e+15
      Equation: "ElectronContinuityEquation"	RelError: 5.23816e+03	AbsError: 1.63555e+15
      Equation: "HoleContinuityEquation"	RelError: 9.99000e+02	AbsError: 6.67438e+15
      Equation: "PotentialEquation"	RelError: 9.31700e-02	AbsError: 4.09542e-02
  Circuit: 	RelError: 2.00000e-01	AbsError: 1.00000e-01
Iteration: 1
  Device: "bjt"	RelError: 2.04115e+00	AbsError: 1.02384e+15
    Region: "bjt"	RelError: 2.04115e+00	AbsError: 1.02384e+15
      Equation: "ElectronContinuityEquation"	RelError: 9.99510e-01	AbsError: 2.99794e+14
      Equation: "HoleContinuityEquation"	RelError: 9.97741e-01	AbsError: 7.24042e+14
      Equation: "PotentialEquation"	RelError: 4.38939e-02	AbsError: 3.07639e-02
  Circuit: 	RelError: 5.92729e-02	AbsError: 5.29318e-10
Iteration: 2
  Device: "bjt"	RelError: 6.00457e+03	AbsError: 4.66551e+13
    Region: "bjt"	RelError: 6.00457e+03	AbsError: 4.66551e+13
      Equation: "ElectronContinuityEquation"	RelError: 9.18584e+00	AbsError: 3.62259e+13
      Equation: "HoleContinuityEquation"	RelError: 5.99535e+03	AbsError: 1.04292e+13
      Equation: "PotentialEquation"	RelError: 3.07578e-02	AbsError: 2.58734e-02
  Circuit: 	RelError: 6.05563e-02	AbsError: 2.81251e-10
Iteration: 3
  Device: "bjt"	RelError: 1.54038e+00	AbsError: 6.76616e+13
    Region: "bjt"	RelError: 1.54038e+00	AbsError: 6.76616e+13
      Equation: "ElectronContinuityEquation"	RelError: 5.30173e-01	AbsError: 6.33469e+13
      Equation: "HoleContinuityEquation"	RelError: 9.99408e-01	AbsError: 4.31462e+12
      Equation: "PotentialEquation"	RelError: 1.07949e-02	AbsError: 9.21048e-03
  Circuit: 	RelError: 4.77784e-05	AbsError: 3.76432e-13
Iteration: 4
  Device: "bjt"	RelError: 4.91254e-01	AbsError: 7.24357e+13
    Region: "bjt"	RelError: 4.91254e-01	AbsError: 7.24357e+13
      Equation: "ElectronContinuityEquation"	RelError: 6.77347e-02	AbsError: 6.49384e+13
      Equation: "HoleContinuityEquation"	RelError: 4.23297e-01	AbsError: 7.49733e+12
      Equation: "PotentialEquation"	RelError: 2.21634e-04	AbsError: 1.81363e-04
  Circuit: 	RelError: 2.28140e-05	AbsError: 9.43753e-12
Iteration: 5
  Device: "bjt"	RelError: 3.67217e-03	AbsError: 8.41211e+10
    Region: "bjt"	RelError: 3.67217e-03	AbsError: 8.41211e+10
      Equation: "ElectronContinuityEquation"	RelError: 2.79175e-03	AbsError: 7.87264e+10
      Equation: "HoleContinuityEquation"	RelError: 8.80172e-04	AbsError: 5.39468e+09
      Equation: "PotentialEquation"	RelError: 2.49552e-07	AbsError: 2.03306e-07
  Circuit: 	RelError: 1.77775e-08	AbsError: 5.09915e-15
Iteration: 6
  Device: "bjt"	RelError: 1.91917e-05	AbsError: 2.75930e+09
    Region: "bjt"	RelError: 1.91917e-05	AbsError: 2.75930e+09
      Equation: "ElectronContinuityEquation"	RelError: 1.87408e-05	AbsError: 2.35488e+09
      Equation: "HoleContinuityEquation"	RelError: 4.36748e-07	AbsError: 4.04419e+08
      Equation: "PotentialEquation"	RelError: 1.41963e-08	AbsError: 1.12894e-08
  Circuit: 	RelError: 1.93991e-10	AbsError: 1.56266e-15
Iteration: 7
  Device: "bjt"	RelError: 4.20537e-08	AbsError: 1.91745e+07
    Region: "bjt"	RelError: 4.20537e-08	AbsError: 1.91745e+07
      Equation: "ElectronContinuityEquation"	RelError: 4.04494e-08	AbsError: 1.79610e+07
      Equation: "HoleContinuityEquation"	RelError: 1.55238e-09	AbsError: 1.21351e+06
      Equation: "PotentialEquation"	RelError: 5.20000e-11	AbsError: 4.01743e-11
  Circuit: 	RelError: 2.90956e-12	AbsError: 2.25127e-17
Iteration: 8
  Device: "bjt"	RelError: 1.89809e-09	AbsError: 3.52707e+05
    Region: "bjt"	RelError: 1.89809e-09	AbsError: 3.52707e+05
      Equation: "ElectronContinuityEquation"	RelError: 1.19446e-09	AbsError: 3.44842e+05
      Equation: "HoleContinuityEquation"	RelError: 7.03152e-10	AbsError: 7.86450e+03
      Equation: "PotentialEquation"	RelError: 4.74179e-13	AbsError: 3.61058e-13
  Circuit: 	RelError: 4.63662e-12	AbsError: 3.73633e-17
Succeeded
CURVE: 0.5 0.5 0 1.9858505089549e-09 4.0274774025653e-06 -4.02946325307426e-06
last end 5.000000e-01 1.500000e+00
number of equations 41337
Iteration: 0
  Device: "bjt"	RelError: 3.08006e+03	AbsError: 8.08806e+15
    Region: "bjt"	RelError: 3.08006e+03	AbsError: 8.08806e+15
      Equation: "ElectronContinuityEquation"	RelError: 1.19170e+03	AbsError: 1.53630e+15
      Equation: "HoleContinuityEquation"	RelError: 1.88827e+03	AbsError: 6.55176e+15
      Equation: "PotentialEquation"	RelError: 8.72337e-02	AbsError: 4.09542e-02
  Circuit: 	RelError: 1.66667e-01	AbsError: 1.00000e-01
Iteration: 1
  Device: "bjt"	RelError: 2.03698e+00	AbsError: 8.28464e+14
    Region: "bjt"	RelError: 2.03698e+00	AbsError: 8.28464e+14
      Equation: "ElectronContinuityEquation"	RelError: 9.98720e-01	AbsError: 2.54469e+14
      Equation: "HoleContinuityEquation"	RelError: 9.99325e-01	AbsError: 5.73995e+14
      Equation: "PotentialEquation"	RelError: 3.89301e-02	AbsError: 3.07641e-02
  Circuit: 	RelError: 5.05220e-02	AbsError: 4.24503e-10
Iteration: 2
  Device: "bjt"	RelError: 2.79100e+04	AbsError: 3.53625e+13
    Region: "bjt"	RelError: 2.79100e+04	AbsError: 3.53625e+13
      Equation: "ElectronContinuityEquation"	RelError: 9.06219e+00	AbsError: 2.75281e+13
      Equation: "HoleContinuityEquation"	RelError: 2.79009e+04	AbsError: 7.83446e+12
      Equation: "PotentialEquation"	RelError: 2.75472e-02	AbsError: 2.58948e-02
  Circuit: 	RelError: 5.29570e-02	AbsError: 2.39565e-10
Iteration: 3
  Device: "bjt"	RelError: 1.54801e+00	AbsError: 8.92638e+13
    Region: "bjt"	RelError: 1.54801e+00	AbsError: 8.92638e+13
      Equation: "ElectronContinuityEquation"	RelError: 5.38457e-01	AbsError: 8.50463e+13
      Equation: "HoleContinuityEquation"	RelError: 9.99888e-01	AbsError: 4.21745e+12
      Equation: "PotentialEquation"	RelError: 9.66800e-03	AbsError: 9.21555e-03
  Circuit: 	RelError: 1.34512e-05	AbsError: 4.07703e-12
Iteration: 4
  Device: "bjt"	RelError: 5.34985e-01	AbsError: 9.39047e+13
    Region: "bjt"	RelError: 5.34985e-01	AbsError: 9.39047e+13
      Equation: "ElectronContinuityEquation"	RelError: 1.12319e-01	AbsError: 8.64991e+13
      Equation: "HoleContinuityEquation"	RelError: 4.22425e-01	AbsError: 7.40560e+12
      Equation: "PotentialEquation"	RelError: 2.41355e-04	AbsError: 2.27141e-04
  Circuit: 	RelError: 1.98241e-05	AbsError: 1.38970e-11
Iteration: 5
  Device: "bjt"	RelError: 3.53989e-03	AbsError: 1.05774e+11
    Region: "bjt"	RelError: 3.53989e-03	AbsError: 1.05774e+11
      Equation: "ElectronContinuityEquation"	RelError: 2.51304e-03	AbsError: 1.02591e+11
      Equation: "HoleContinuityEquation"	RelError: 1.02649e-03	AbsError: 3.18318e+09
      Equation: "PotentialEquation"	RelError: 3.61477e-07	AbsError: 3.40189e-07
  Circuit: 	RelError: 8.07347e-09	AbsError: 1.09411e-15
Iteration: 6
  Device: "bjt"	RelError: 6.71702e-05	AbsError: 2.19495e+09
    Region: "bjt"	RelError: 6.71702e-05	AbsError: 2.19495e+09
      Equation: "ElectronContinuityEquation"	RelError: 3.60184e-05	AbsError: 1.92558e+09
      Equation: "HoleContinuityEquation"	RelError: 3.11436e-05	AbsError: 2.69373e+08
      Equation: "PotentialEquation"	RelError: 8.20850e-09	AbsError: 7.05165e-09
  Circuit: 	RelError: 1.81612e-10	AbsError: 1.46542e-15
Iteration: 7
  Device: "bjt"	RelError: 3.02872e-07	AbsError: 5.71394e+07
    Region: "bjt"	RelError: 3.02872e-07	AbsError: 5.71394e+07
      Equation: "ElectronContinuityEquation"	RelError: 2.91385e-07	AbsError: 5.44413e+07
      Equation: "HoleContinuityEquation"	RelError: 1.13898e-08	AbsError: 2.69802e+06
      Equation: "PotentialEquation"	RelError: 9.71166e-11	AbsError: 8.67293e-11
  Circuit: 	RelError: 1.52242e-12	AbsError: 3.87137e-18
Iteration: 8
  Device: "bjt"	RelError: 1.07204e-09	AbsError: 8.28024e+04
    Region: "bjt"	RelError: 1.07204e-09	AbsError: 8.28024e+04
      Equation: "ElectronContinuityEquation"	RelError: 3.68027e-10	AbsError: 8.07405e+04
      Equation: "HoleContinuityEquation"	RelError: 7.03885e-10	AbsError: 2.06193e+03
      Equation: "PotentialEquation"	RelError: 1.31458e-13	AbsError: 1.15196e-13
  Circuit: 	RelError: 1.86487e-12	AbsError: 1.50508e-17
Succeeded
CURVE: 0.5 0.6 1.468876414418e-29 1.98487166664828e-09 4.03377531532574e-06 -4.03576018699239e-06
last end 6.000000e-01 1.500000e+00
number of equations 41337
Iteration: 0
  Device: "bjt"	RelError: 7.59527e+04	AbsError: 8.20549e+15
    Region: "bjt"	RelError: 7.59527e+04	AbsError: 8.20549e+15
      Equation: "ElectronContinuityEquation"	RelError: 9.99000e+02	AbsError: 1.42633e+15
      Equation: "HoleContinuityEquation"	RelError: 7.49536e+04	AbsError: 6.77916e+15
      Equation: "PotentialEquation"	RelError: 8.13856e-02	AbsError: 4.09542e-02
  Circuit: 	RelError: 1.42857e-01	AbsError: 1.00000e-01
Iteration: 1
  Device: "bjt"	RelError: 1.00003e+03	AbsError: 6.97299e+14
    Region: "bjt"	RelError: 1.00003e+03	AbsError: 6.97299e+14
      Equation: "ElectronContinuityEquation"	RelError: 9.98680e-01	AbsError: 2.23260e+14
      Equation: "HoleContinuityEquation"	RelError: 9.99000e+02	AbsError: 4.74039e+14
      Equation: "PotentialEquation"	RelError: 3.48508e-02	AbsError: 3.07641e-02
  Circuit: 	RelError: 4.76890e-02	AbsError: 3.72377e-10
Iteration: 2
  Device: "bjt"	RelError: 2.37282e+03	AbsError: 2.76796e+13
    Region: "bjt"	RelError: 2.37282e+03	AbsError: 2.76796e+13
      Equation: "ElectronContinuityEquation"	RelError: 9.08434e+00	AbsError: 2.18403e+13
      Equation: "HoleContinuityEquation"	RelError: 2.36371e+03	AbsError: 5.83931e+12
      Equation: "PotentialEquation"	RelError: 2.48936e-02	AbsError: 2.58878e-02
  Circuit: 	RelError: 5.00433e-02	AbsError: 2.23133e-10
Iteration: 3
  Device: "bjt"	RelError: 1.55331e+00	AbsError: 8.17546e+13
    Region: "bjt"	RelError: 1.55331e+00	AbsError: 8.17546e+13
      Equation: "ElectronContinuityEquation"	RelError: 5.44589e-01	AbsError: 7.67262e+13
      Equation: "HoleContinuityEquation"	RelError: 1.00000e+00	AbsError: 5.02835e+12
      Equation: "PotentialEquation"	RelError: 8.71778e-03	AbsError: 9.18170e-03
  Circuit: 	RelError: 1.47350e-05	AbsError: 3.80467e-12
Iteration: 4
  Device: "bjt"	RelError: 5.08271e-01	AbsError: 8.35971e+13
    Region: "bjt"	RelError: 5.08271e-01	AbsError: 8.35971e+13
      Equation: "ElectronContinuityEquation"	RelError: 1.87523e-01	AbsError: 7.54672e+13
      Equation: "HoleContinuityEquation"	RelError: 3.20580e-01	AbsError: 8.12987e+12
      Equation: "PotentialEquation"	RelError: 1.67953e-04	AbsError: 1.74521e-04
  Circuit: 	RelError: 1.66075e-05	AbsError: 1.48102e-11
Iteration: 5
  Device: "bjt"	RelError: 4.36614e-03	AbsError: 1.63362e+11
    Region: "bjt"	RelError: 4.36614e-03	AbsError: 1.63362e+11
      Equation: "ElectronContinuityEquation"	RelError: 3.31172e-03	AbsError: 1.60186e+11
      Equation: "HoleContinuityEquation"	RelError: 1.05420e-03	AbsError: 3.17624e+09
      Equation: "PotentialEquation"	RelError: 2.17108e-07	AbsError: 2.25598e-07
  Circuit: 	RelError: 6.18285e-08	AbsError: 3.88348e-16
Iteration: 6
  Device: "bjt"	RelError: 4.81226e-05	AbsError: 1.58634e+09
    Region: "bjt"	RelError: 4.81226e-05	AbsError: 1.58634e+09
      Equation: "ElectronContinuityEquation"	RelError: 4.75227e-05	AbsError: 1.46370e+09
      Equation: "HoleContinuityEquation"	RelError: 5.94930e-07	AbsError: 1.22643e+08
      Equation: "PotentialEquation"	RelError: 4.90312e-09	AbsError: 4.91268e-09
  Circuit: 	RelError: 1.73302e-10	AbsError: 1.40056e-15
Iteration: 7
  Device: "bjt"	RelError: 7.77205e-07	AbsError: 2.14264e+07
    Region: "bjt"	RelError: 7.77205e-07	AbsError: 2.14264e+07
      Equation: "ElectronContinuityEquation"	RelError: 7.75405e-07	AbsError: 1.99626e+07
      Equation: "HoleContinuityEquation"	RelError: 1.75323e-09	AbsError: 1.46385e+06
      Equation: "PotentialEquation"	RelError: 4.66237e-11	AbsError: 4.56455e-11
  Circuit: 	RelError: 1.73325e-12	AbsError: 1.13396e-17
Iteration: 8
  Device: "bjt"	RelError: 1.30493e-09	AbsError: 8.27905e+03
    Region: "bjt"	RelError: 1.30493e-09	AbsError: 8.27905e+03
      Equation: "ElectronContinuityEquation"	RelError: 7.39682e-10	AbsError: 8.17961e+03
      Equation: "HoleContinuityEquation"	RelError: 5.65251e-10	AbsError: 9.94334e+01
      Equation: "PotentialEquation"	RelError: 1.64814e-15	AbsError: 4.63486e-16
  Circuit: 	RelError: 1.97298e-12	AbsError: 1.59402e-17
Succeeded
CURVE: 0.5 0.7 -5.03353879432675e-32 1.98418328028957e-09 4.03990118368611e-06 -4.04188536696641e-06
last end 7.000000e-01 1.500000e+00
number of equations 41337
Iteration: 0
  Device: "bjt"	RelError: 1.19678e+04	AbsError: 8.22913e+15
    Region: "bjt"	RelError: 1.19678e+04	AbsError: 8.22913e+15
      Equation: "ElectronContinuityEquation"	RelError: 5.63730e+03	AbsError: 1.35119e+15
      Equation: "HoleContinuityEquation"	RelError: 6.33042e+03	AbsError: 6.87794e+15
      Equation: "PotentialEquation"	RelError: 7.63970e-02	AbsError: 4.09542e-02
  Circuit: 	RelError: 1.25000e-01	AbsError: 1.00000e-01
Iteration: 1
  Device: "bjt"	RelError: 1.99803e+03	AbsError: 6.06626e+14
    Region: "bjt"	RelError: 1.99803e+03	AbsError: 6.06626e+14
      Equation: "ElectronContinuityEquation"	RelError: 9.99000e+02	AbsError: 1.97532e+14
      Equation: "HoleContinuityEquation"	RelError: 9.99000e+02	AbsError: 4.09093e+14
      Equation: "PotentialEquation"	RelError: 3.25722e-02	AbsError: 3.07641e-02
  Circuit: 	RelError: 4.67317e-02	AbsError: 3.35028e-10
Iteration: 2
  Device: "bjt"	RelError: 1.14411e+01	AbsError: 2.34110e+13
    Region: "bjt"	RelError: 1.14411e+01	AbsError: 2.34110e+13
      Equation: "ElectronContinuityEquation"	RelError: 9.12779e+00	AbsError: 1.89657e+13
      Equation: "HoleContinuityEquation"	RelError: 2.29062e+00	AbsError: 4.44529e+12
      Equation: "PotentialEquation"	RelError: 2.27339e-02	AbsError: 2.58647e-02
  Circuit: 	RelError: 4.90104e-02	AbsError: 2.12368e-10
Iteration: 3
  Device: "bjt"	RelError: 2.43107e+00	AbsError: 4.36939e+13
    Region: "bjt"	RelError: 2.43107e+00	AbsError: 4.36939e+13
      Equation: "ElectronContinuityEquation"	RelError: 5.43403e-01	AbsError: 3.84922e+13
      Equation: "HoleContinuityEquation"	RelError: 1.87970e+00	AbsError: 5.20171e+12
      Equation: "PotentialEquation"	RelError: 7.97194e-03	AbsError: 9.19340e-03
  Circuit: 	RelError: 1.58360e-05	AbsError: 5.21870e-12
Iteration: 4
  Device: "bjt"	RelError: 4.91203e-01	AbsError: 5.01390e+13
    Region: "bjt"	RelError: 4.91203e-01	AbsError: 5.01390e+13
      Equation: "ElectronContinuityEquation"	RelError: 1.91263e-01	AbsError: 4.13823e+13
      Equation: "HoleContinuityEquation"	RelError: 2.99760e-01	AbsError: 8.75678e+12
      Equation: "PotentialEquation"	RelError: 1.79921e-04	AbsError: 2.02383e-04
  Circuit: 	RelError: 1.22825e-05	AbsError: 1.51594e-11
Iteration: 5
  Device: "bjt"	RelError: 3.86692e-02	AbsError: 4.16472e+10
    Region: "bjt"	RelError: 3.86692e-02	AbsError: 4.16472e+10
      Equation: "ElectronContinuityEquation"	RelError: 5.31380e-03	AbsError: 3.84087e+10
      Equation: "HoleContinuityEquation"	RelError: 3.33552e-02	AbsError: 3.23856e+09
      Equation: "PotentialEquation"	RelError: 1.77741e-07	AbsError: 1.99931e-07
  Circuit: 	RelError: 7.72168e-08	AbsError: 3.27497e-16
Iteration: 6
  Device: "bjt"	RelError: 2.23337e-04	AbsError: 2.62825e+09
    Region: "bjt"	RelError: 2.23337e-04	AbsError: 2.62825e+09
      Equation: "ElectronContinuityEquation"	RelError: 2.22701e-04	AbsError: 2.33068e+09
      Equation: "HoleContinuityEquation"	RelError: 6.25660e-07	AbsError: 2.97577e+08
      Equation: "PotentialEquation"	RelError: 9.94610e-09	AbsError: 1.07792e-08
  Circuit: 	RelError: 2.03807e-10	AbsError: 1.64936e-15
Iteration: 7
  Device: "bjt"	RelError: 4.75864e-08	AbsError: 4.51969e+07
    Region: "bjt"	RelError: 4.75864e-08	AbsError: 4.51969e+07
      Equation: "ElectronContinuityEquation"	RelError: 4.37230e-08	AbsError: 4.34954e+07
      Equation: "HoleContinuityEquation"	RelError: 3.75480e-09	AbsError: 1.70143e+06
      Equation: "PotentialEquation"	RelError: 1.08626e-10	AbsError: 1.19475e-10
  Circuit: 	RelError: 6.56398e-12	AbsError: 5.31222e-17
Iteration: 8
  Device: "bjt"	RelError: 4.51335e-10	AbsError: 8.28739e+03
    Region: "bjt"	RelError: 4.51335e-10	AbsError: 8.28739e+03
      Equation: "ElectronContinuityEquation"	RelError: 1.47162e-10	AbsError: 8.17961e+03
      Equation: "HoleContinuityEquation"	RelError: 3.04169e-10	AbsError: 1.07771e+02
      Equation: "PotentialEquation"	RelError: 3.78653e-15	AbsError: 3.90320e-15
  Circuit: 	RelError: 1.99689e-12	AbsError: 3.30724e-18
Succeeded
CURVE: 0.5 0.8 9.45580942160186e-33 1.98357198376086e-09 4.04588437992811e-06 -4.04786795191188e-06
last end 8.000000e-01 1.500000e+00
number of equations 41337
Iteration: 0
  Device: "bjt"	RelError: 1.39788e+04	AbsError: 8.14189e+15
    Region: "bjt"	RelError: 1.39788e+04	AbsError: 8.14189e+15
      Equation: "ElectronContinuityEquation"	RelError: 1.20892e+04	AbsError: 1.27749e+15
      Equation: "HoleContinuityEquation"	RelError: 1.88957e+03	AbsError: 6.86440e+15
      Equation: "PotentialEquation"	RelError: 7.21245e-02	AbsError: 4.09542e-02
  Circuit: 	RelError: 1.11111e-01	AbsError: 1.00000e-01
Iteration: 1
  Device: "bjt"	RelError: 1.99803e+03	AbsError: 5.50571e+14
    Region: "bjt"	RelError: 1.99803e+03	AbsError: 5.50571e+14
      Equation: "ElectronContinuityEquation"	RelError: 9.99000e+02	AbsError: 1.78418e+14
      Equation: "HoleContinuityEquation"	RelError: 9.99000e+02	AbsError: 3.72153e+14
      Equation: "PotentialEquation"	RelError: 3.00952e-02	AbsError: 3.07641e-02
  Circuit: 	RelError: 4.72367e-02	AbsError: 3.21055e-10
Iteration: 2
  Device: "bjt"	RelError: 8.07867e+00	AbsError: 1.93862e+13
    Region: "bjt"	RelError: 8.07867e+00	AbsError: 1.93862e+13
      Equation: "ElectronContinuityEquation"	RelError: 7.05777e+00	AbsError: 1.56441e+13
      Equation: "HoleContinuityEquation"	RelError: 9.99999e-01	AbsError: 3.74208e+12
      Equation: "PotentialEquation"	RelError: 2.08985e-02	AbsError: 2.58825e-02
  Circuit: 	RelError: 4.95760e-02	AbsError: 2.18483e-10
Iteration: 3
  Device: "bjt"	RelError: 9.58446e-01	AbsError: 4.49247e+13
    Region: "bjt"	RelError: 9.58446e-01	AbsError: 4.49247e+13
      Equation: "ElectronContinuityEquation"	RelError: 5.47788e-01	AbsError: 3.99215e+13
      Equation: "HoleContinuityEquation"	RelError: 4.03329e-01	AbsError: 5.00323e+12
      Equation: "PotentialEquation"	RelError: 7.32882e-03	AbsError: 9.18448e-03
  Circuit: 	RelError: 1.44349e-05	AbsError: 6.15702e-12
Iteration: 4
  Device: "bjt"	RelError: 3.31369e-01	AbsError: 5.02061e+13
    Region: "bjt"	RelError: 3.31369e-01	AbsError: 5.02061e+13
      Equation: "ElectronContinuityEquation"	RelError: 2.11230e-01	AbsError: 4.19515e+13
      Equation: "HoleContinuityEquation"	RelError: 1.19977e-01	AbsError: 8.25463e+12
      Equation: "PotentialEquation"	RelError: 1.61373e-04	AbsError: 1.96668e-04
  Circuit: 	RelError: 7.34276e-06	AbsError: 1.65409e-11
Iteration: 5
  Device: "bjt"	RelError: 7.99606e-03	AbsError: 2.79425e+10
    Region: "bjt"	RelError: 7.99606e-03	AbsError: 2.79425e+10
      Equation: "ElectronContinuityEquation"	RelError: 5.63119e-03	AbsError: 2.40259e+10
      Equation: "HoleContinuityEquation"	RelError: 2.36476e-03	AbsError: 3.91663e+09
      Equation: "PotentialEquation"	RelError: 1.08567e-07	AbsError: 1.31650e-07
  Circuit: 	RelError: 9.38159e-08	AbsError: 8.93875e-16
Iteration: 6
  Device: "bjt"	RelError: 5.27413e-05	AbsError: 1.13620e+09
    Region: "bjt"	RelError: 5.27413e-05	AbsError: 1.13620e+09
      Equation: "ElectronContinuityEquation"	RelError: 4.73076e-05	AbsError: 1.01543e+09
      Equation: "HoleContinuityEquation"	RelError: 5.43010e-06	AbsError: 1.20773e+08
      Equation: "PotentialEquation"	RelError: 3.65233e-09	AbsError: 4.22782e-09
  Circuit: 	RelError: 1.91510e-10	AbsError: 1.55207e-15
Iteration: 7
  Device: "bjt"	RelError: 2.69897e-07	AbsError: 3.66753e+07
    Region: "bjt"	RelError: 2.69897e-07	AbsError: 3.66753e+07
      Equation: "ElectronContinuityEquation"	RelError: 2.23792e-07	AbsError: 3.40005e+07
      Equation: "HoleContinuityEquation"	RelError: 4.59947e-08	AbsError: 2.67481e+06
      Equation: "PotentialEquation"	RelError: 1.10707e-10	AbsError: 1.30468e-10
  Circuit: 	RelError: 2.27284e-12	AbsError: 3.39208e-18
Iteration: 8
  Device: "bjt"	RelError: 1.33484e-09	AbsError: 7.57679e+04
    Region: "bjt"	RelError: 1.33484e-09	AbsError: 7.57679e+04
      Equation: "ElectronContinuityEquation"	RelError: 7.68299e-10	AbsError: 6.99575e+04
      Equation: "HoleContinuityEquation"	RelError: 5.66257e-10	AbsError: 5.81040e+03
      Equation: "PotentialEquation"	RelError: 2.88246e-13	AbsError: 3.48723e-13
  Circuit: 	RelError: 7.49510e-13	AbsError: 6.07241e-18
Succeeded
CURVE: 0.5 0.9 1.36465133480114e-32 1.9830078568017e-09 4.05174603882373e-06 -4.05372904668054e-06
last end 9.000000e-01 1.500000e+00
number of equations 41337
Iteration: 0
  Device: "bjt"	RelError: 1.66276e+04	AbsError: 7.99099e+15
    Region: "bjt"	RelError: 1.66276e+04	AbsError: 7.99099e+15
      Equation: "ElectronContinuityEquation"	RelError: 7.40940e+03	AbsError: 1.22606e+15
      Equation: "HoleContinuityEquation"	RelError: 9.21810e+03	AbsError: 6.76493e+15
      Equation: "PotentialEquation"	RelError: 6.81171e-02	AbsError: 4.09542e-02
  Circuit: 	RelError: 1.00000e-01	AbsError: 1.00000e-01
Iteration: 1
  Device: "bjt"	RelError: 1.99803e+03	AbsError: 5.26314e+14
    Region: "bjt"	RelError: 1.99803e+03	AbsError: 5.26314e+14
      Equation: "ElectronContinuityEquation"	RelError: 9.99000e+02	AbsError: 1.63364e+14
      Equation: "HoleContinuityEquation"	RelError: 9.99000e+02	AbsError: 3.62950e+14
      Equation: "PotentialEquation"	RelError: 2.77830e-02	AbsError: 3.07641e-02
  Circuit: 	RelError: 4.54244e-02	AbsError: 2.95606e-10
Iteration: 2
  Device: "bjt"	RelError: 6.21142e+00	AbsError: 1.56195e+13
    Region: "bjt"	RelError: 6.21142e+00	AbsError: 1.56195e+13
      Equation: "ElectronContinuityEquation"	RelError: 5.19207e+00	AbsError: 1.27305e+13
      Equation: "HoleContinuityEquation"	RelError: 1.00000e+00	AbsError: 2.88900e+12
      Equation: "PotentialEquation"	RelError: 1.93493e-02	AbsError: 2.58816e-02
  Circuit: 	RelError: 4.75860e-02	AbsError: 2.17103e-10
Iteration: 3
  Device: "bjt"	RelError: 1.22713e+00	AbsError: 2.66711e+13
    Region: "bjt"	RelError: 1.22713e+00	AbsError: 2.66711e+13
      Equation: "ElectronContinuityEquation"	RelError: 8.07344e-01	AbsError: 2.05715e+13
      Equation: "HoleContinuityEquation"	RelError: 4.13004e-01	AbsError: 6.09956e+12
      Equation: "PotentialEquation"	RelError: 6.78355e-03	AbsError: 9.17955e-03
  Circuit: 	RelError: 1.01632e-05	AbsError: 6.58322e-12
Iteration: 4
  Device: "bjt"	RelError: 4.76065e-01	AbsError: 3.18361e+13
    Region: "bjt"	RelError: 4.76065e-01	AbsError: 3.18361e+13
      Equation: "ElectronContinuityEquation"	RelError: 3.20598e-01	AbsError: 2.23526e+13
      Equation: "HoleContinuityEquation"	RelError: 1.55308e-01	AbsError: 9.48344e+12
      Equation: "PotentialEquation"	RelError: 1.59301e-04	AbsError: 2.09410e-04
  Circuit: 	RelError: 2.01080e-06	AbsError: 1.61411e-11
Iteration: 5
  Device: "bjt"	RelError: 2.22000e-02	AbsError: 2.65792e+10
    Region: "bjt"	RelError: 2.22000e-02	AbsError: 2.65792e+10
      Equation: "ElectronContinuityEquation"	RelError: 1.41809e-02	AbsError: 2.22101e+10
      Equation: "HoleContinuityEquation"	RelError: 8.01904e-03	AbsError: 4.36908e+09
      Equation: "PotentialEquation"	RelError: 1.10053e-07	AbsError: 1.44775e-07
  Circuit: 	RelError: 1.26899e-07	AbsError: 1.62632e-15
Iteration: 6
  Device: "bjt"	RelError: 7.77143e-05	AbsError: 6.47750e+08
    Region: "bjt"	RelError: 7.77143e-05	AbsError: 6.47750e+08
      Equation: "ElectronContinuityEquation"	RelError: 3.06915e-05	AbsError: 6.02194e+08
      Equation: "HoleContinuityEquation"	RelError: 4.70211e-05	AbsError: 4.55555e+07
      Equation: "PotentialEquation"	RelError: 1.71662e-09	AbsError: 2.19175e-09
  Circuit: 	RelError: 1.85336e-10	AbsError: 1.50432e-15
Iteration: 7
  Device: "bjt"	RelError: 1.03442e-07	AbsError: 1.66901e+07
    Region: "bjt"	RelError: 1.03442e-07	AbsError: 1.66901e+07
      Equation: "ElectronContinuityEquation"	RelError: 6.92559e-08	AbsError: 1.48094e+07
      Equation: "HoleContinuityEquation"	RelError: 3.41365e-08	AbsError: 1.88078e+06
      Equation: "PotentialEquation"	RelError: 4.92329e-11	AbsError: 6.21952e-11
  Circuit: 	RelError: 5.31035e-12	AbsError: 4.30966e-17
Iteration: 8
  Device: "bjt"	RelError: 1.26055e-09	AbsError: 8.29857e+03
    Region: "bjt"	RelError: 1.26055e-09	AbsError: 8.29857e+03
      Equation: "ElectronContinuityEquation"	RelError: 7.39173e-10	AbsError: 8.17961e+03
      Equation: "HoleContinuityEquation"	RelError: 5.21376e-10	AbsError: 1.18960e+02
      Equation: "PotentialEquation"	RelError: 1.64814e-15	AbsError: 2.06440e-15
  Circuit: 	RelError: 8.23398e-12	AbsError: 6.68354e-17
Succeeded
CURVE: 0.5 1 0 1.98247752863923e-09 4.05750267753982e-06 -4.05948515506847e-06
last end 1.000000e+00 1.500000e+00
number of equations 41337
Iteration: 0
  Device: "bjt"	RelError: 2.66377e+04	AbsError: 7.75998e+15
    Region: "bjt"	RelError: 2.66377e+04	AbsError: 7.75998e+15
      Equation: "ElectronContinuityEquation"	RelError: 9.99000e+02	AbsError: 1.17707e+15
      Equation: "HoleContinuityEquation"	RelError: 2.56387e+04	AbsError: 6.58291e+15
      Equation: "PotentialEquation"	RelError: 6.58779e-02	AbsError: 4.09542e-02
  Circuit: 	RelError: 9.09091e-02	AbsError: 1.00000e-01
Iteration: 1
  Device: "bjt"	RelError: 1.99803e+03	AbsError: 5.17000e+14
    Region: "bjt"	RelError: 1.99803e+03	AbsError: 5.17000e+14
      Equation: "ElectronContinuityEquation"	RelError: 9.99000e+02	AbsError: 1.49514e+14
      Equation: "HoleContinuityEquation"	RelError: 9.99000e+02	AbsError: 3.67486e+14
      Equation: "PotentialEquation"	RelError: 2.58922e-02	AbsError: 3.07645e-02
  Circuit: 	RelError: 4.36817e-02	AbsError: 2.65139e-10
Iteration: 2
  Device: "bjt"	RelError: 5.67776e+00	AbsError: 1.14107e+13
    Region: "bjt"	RelError: 5.67776e+00	AbsError: 1.14107e+13
      Equation: "ElectronContinuityEquation"	RelError: 4.65975e+00	AbsError: 9.80558e+12
      Equation: "HoleContinuityEquation"	RelError: 1.00000e+00	AbsError: 1.60511e+12
      Equation: "PotentialEquation"	RelError: 1.80124e-02	AbsError: 2.58958e-02
  Circuit: 	RelError: 4.56791e-02	AbsError: 1.83164e-10
Iteration: 3
  Device: "bjt"	RelError: 1.42021e+00	AbsError: 2.65253e+13
    Region: "bjt"	RelError: 1.42021e+00	AbsError: 2.65253e+13
      Equation: "ElectronContinuityEquation"	RelError: 8.47170e-01	AbsError: 2.14115e+13
      Equation: "HoleContinuityEquation"	RelError: 5.66721e-01	AbsError: 5.11383e+12
      Equation: "PotentialEquation"	RelError: 6.32026e-03	AbsError: 9.18423e-03
  Circuit: 	RelError: 6.87166e-06	AbsError: 8.38676e-12
Iteration: 4
  Device: "bjt"	RelError: 3.10149e-01	AbsError: 3.10819e+13
    Region: "bjt"	RelError: 3.10149e-01	AbsError: 3.10819e+13
      Equation: "ElectronContinuityEquation"	RelError: 2.24562e-01	AbsError: 2.26668e+13
      Equation: "HoleContinuityEquation"	RelError: 8.54327e-02	AbsError: 8.41509e+12
      Equation: "PotentialEquation"	RelError: 1.53638e-04	AbsError: 2.17515e-04
  Circuit: 	RelError: 2.18221e-06	AbsError: 1.71311e-11
Iteration: 5
  Device: "bjt"	RelError: 2.35974e-02	AbsError: 2.51510e+10
    Region: "bjt"	RelError: 2.35974e-02	AbsError: 2.51510e+10
      Equation: "ElectronContinuityEquation"	RelError: 1.51878e-02	AbsError: 2.06257e+10
      Equation: "HoleContinuityEquation"	RelError: 8.40939e-03	AbsError: 4.52522e+09
      Equation: "PotentialEquation"	RelError: 1.34172e-07	AbsError: 1.89956e-07
  Circuit: 	RelError: 5.02934e-08	AbsError: 2.23750e-15
Iteration: 6
  Device: "bjt"	RelError: 2.23108e-04	AbsError: 1.35384e+09
    Region: "bjt"	RelError: 2.23108e-04	AbsError: 1.35384e+09
      Equation: "ElectronContinuityEquation"	RelError: 1.46579e-04	AbsError: 1.23484e+09
      Equation: "HoleContinuityEquation"	RelError: 7.65237e-05	AbsError: 1.18996e+08
      Equation: "PotentialEquation"	RelError: 4.86142e-09	AbsError: 6.71917e-09
  Circuit: 	RelError: 1.88906e-10	AbsError: 1.53543e-15
Iteration: 7
  Device: "bjt"	RelError: 1.23523e-07	AbsError: 4.36501e+06
    Region: "bjt"	RelError: 1.23523e-07	AbsError: 4.36501e+06
      Equation: "ElectronContinuityEquation"	RelError: 8.19226e-08	AbsError: 4.23730e+06
      Equation: "HoleContinuityEquation"	RelError: 4.15940e-08	AbsError: 1.27712e+05
      Equation: "PotentialEquation"	RelError: 5.97019e-12	AbsError: 8.04549e-12
  Circuit: 	RelError: 4.38294e-12	AbsError: 1.56717e-17
Iteration: 8
  Device: "bjt"	RelError: 1.11981e-09	AbsError: 8.29666e+03
    Region: "bjt"	RelError: 1.11981e-09	AbsError: 8.29666e+03
      Equation: "ElectronContinuityEquation"	RelError: 4.16242e-10	AbsError: 8.17959e+03
      Equation: "HoleContinuityEquation"	RelError: 7.03564e-10	AbsError: 1.17062e+02
      Equation: "PotentialEquation"	RelError: 1.64814e-15	AbsError: 4.82166e-16
  Circuit: 	RelError: 3.46166e-12	AbsError: 2.81298e-17
Succeeded
CURVE: 0.5 1.1 0 1.98197307645102e-09 4.06316750876092e-06 -4.06514948183738e-06
last end 1.100000e+00 1.500000e+00
number of equations 41337
Iteration: 0
  Device: "bjt"	RelError: 3.09295e+04	AbsError: 7.46825e+15
    Region: "bjt"	RelError: 3.09295e+04	AbsError: 7.46825e+15
      Equation: "ElectronContinuityEquation"	RelError: 9.99000e+02	AbsError: 1.16402e+15
      Equation: "HoleContinuityEquation"	RelError: 2.99305e+04	AbsError: 6.30423e+15
      Equation: "PotentialEquation"	RelError: 6.29359e-02	AbsError: 4.09542e-02
  Circuit: 	RelError: 8.33333e-02	AbsError: 1.00000e-01
Iteration: 1
  Device: "bjt"	RelError: 1.99802e+03	AbsError: 4.90907e+14
    Region: "bjt"	RelError: 1.99802e+03	AbsError: 4.90907e+14
      Equation: "ElectronContinuityEquation"	RelError: 9.99000e+02	AbsError: 1.41535e+14
      Equation: "HoleContinuityEquation"	RelError: 9.99000e+02	AbsError: 3.49372e+14
      Equation: "PotentialEquation"	RelError: 2.42142e-02	AbsError: 3.07647e-02
  Circuit: 	RelError: 3.82175e-02	AbsError: 2.37313e-10
Iteration: 2
  Device: "bjt"	RelError: 5.66125e+00	AbsError: 1.04823e+13
    Region: "bjt"	RelError: 5.66125e+00	AbsError: 1.04823e+13
      Equation: "ElectronContinuityEquation"	RelError: 4.64437e+00	AbsError: 9.40833e+12
      Equation: "HoleContinuityEquation"	RelError: 9.99997e-01	AbsError: 1.07394e+12
      Equation: "PotentialEquation"	RelError: 1.68794e-02	AbsError: 2.58983e-02
  Circuit: 	RelError: 3.97378e-02	AbsError: 1.66175e-10
Iteration: 3
  Device: "bjt"	RelError: 1.48097e+00	AbsError: 2.18849e+13
    Region: "bjt"	RelError: 1.48097e+00	AbsError: 2.18849e+13
      Equation: "ElectronContinuityEquation"	RelError: 8.29028e-01	AbsError: 1.67067e+13
      Equation: "HoleContinuityEquation"	RelError: 6.46033e-01	AbsError: 5.17820e+12
      Equation: "PotentialEquation"	RelError: 5.90901e-03	AbsError: 9.17777e-03
  Circuit: 	RelError: 4.53499e-06	AbsError: 6.01602e-12
Iteration: 4
  Device: "bjt"	RelError: 3.12150e-01	AbsError: 2.87186e+13
    Region: "bjt"	RelError: 3.12150e-01	AbsError: 2.87186e+13
      Equation: "ElectronContinuityEquation"	RelError: 2.38510e-01	AbsError: 2.02936e+13
      Equation: "HoleContinuityEquation"	RelError: 7.34978e-02	AbsError: 8.42496e+12
      Equation: "PotentialEquation"	RelError: 1.42516e-04	AbsError: 2.17145e-04
  Circuit: 	RelError: 2.10933e-06	AbsError: 1.71075e-11
Iteration: 5
  Device: "bjt"	RelError: 1.31733e-02	AbsError: 2.76083e+10
    Region: "bjt"	RelError: 1.31733e-02	AbsError: 2.76083e+10
      Equation: "ElectronContinuityEquation"	RelError: 5.93791e-03	AbsError: 2.28912e+10
      Equation: "HoleContinuityEquation"	RelError: 7.23520e-03	AbsError: 4.71711e+09
      Equation: "PotentialEquation"	RelError: 1.38034e-07	AbsError: 2.07487e-07
  Circuit: 	RelError: 1.29081e-08	AbsError: 2.66085e-15
Iteration: 6
  Device: "bjt"	RelError: 4.24051e-05	AbsError: 6.96328e+08
    Region: "bjt"	RelError: 4.24051e-05	AbsError: 6.96328e+08
      Equation: "ElectronContinuityEquation"	RelError: 3.26771e-05	AbsError: 6.39052e+08
      Equation: "HoleContinuityEquation"	RelError: 9.72643e-06	AbsError: 5.72761e+07
      Equation: "PotentialEquation"	RelError: 1.63757e-09	AbsError: 2.45266e-09
  Circuit: 	RelError: 1.82948e-10	AbsError: 1.48880e-15
Iteration: 7
  Device: "bjt"	RelError: 5.38638e-07	AbsError: 1.09211e+07
    Region: "bjt"	RelError: 5.38638e-07	AbsError: 1.09211e+07
      Equation: "ElectronContinuityEquation"	RelError: 4.88730e-07	AbsError: 1.01502e+07
      Equation: "HoleContinuityEquation"	RelError: 4.98926e-08	AbsError: 7.70928e+05
      Equation: "PotentialEquation"	RelError: 1.50624e-11	AbsError: 2.17386e-11
  Circuit: 	RelError: 2.49430e-12	AbsError: 2.03008e-17
Iteration: 8
  Device: "bjt"	RelError: 7.36494e-10	AbsError: 8.28656e+03
    Region: "bjt"	RelError: 7.36494e-10	AbsError: 8.28656e+03
      Equation: "ElectronContinuityEquation"	RelError: 2.13432e-10	AbsError: 8.18420e+03
      Equation: "HoleContinuityEquation"	RelError: 5.23060e-10	AbsError: 1.02358e+02
      Equation: "PotentialEquation"	RelError: 1.64814e-15	AbsError: 1.63006e-16
  Circuit: 	RelError: 2.97452e-12	AbsError: 2.42037e-17
Succeeded
CURVE: 0.5 1.2 0 1.98148573229528e-09 4.06875000716302e-06 -4.07073149289531e-06
last end 1.200000e+00 1.500000e+00
number of equations 41337
Iteration: 0
  Device: "bjt"	RelError: 1.70631e+04	AbsError: 7.00030e+15
    Region: "bjt"	RelError: 1.70631e+04	AbsError: 7.00030e+15
      Equation: "ElectronContinuityEquation"	RelError: 5.09148e+03	AbsError: 1.08975e+15
      Equation: "HoleContinuityEquation"	RelError: 1.19716e+04	AbsError: 5.91055e+15
      Equation: "PotentialEquation"	RelError: 5.97601e-02	AbsError: 4.09542e-02
  Circuit: 	RelError: 7.69231e-02	AbsError: 1.00000e-01
Iteration: 1
  Device: "bjt"	RelError: 1.99802e+03	AbsError: 4.55647e+14
    Region: "bjt"	RelError: 1.99802e+03	AbsError: 4.55647e+14
      Equation: "ElectronContinuityEquation"	RelError: 9.99000e+02	AbsError: 1.37922e+14
      Equation: "HoleContinuityEquation"	RelError: 9.99000e+02	AbsError: 3.17726e+14
      Equation: "PotentialEquation"	RelError: 2.27697e-02	AbsError: 3.07645e-02
  Circuit: 	RelError: 3.57119e-02	AbsError: 2.20900e-10
Iteration: 2
  Device: "bjt"	RelError: 5.47745e+00	AbsError: 8.81662e+12
    Region: "bjt"	RelError: 5.47745e+00	AbsError: 8.81662e+12
      Equation: "ElectronContinuityEquation"	RelError: 4.46164e+00	AbsError: 8.01090e+12
      Equation: "HoleContinuityEquation"	RelError: 9.99997e-01	AbsError: 8.05716e+11
      Equation: "PotentialEquation"	RelError: 1.58145e-02	AbsError: 2.58519e-02
  Circuit: 	RelError: 3.70345e-02	AbsError: 1.57536e-10
Iteration: 3
  Device: "bjt"	RelError: 1.48192e+00	AbsError: 2.29088e+13
    Region: "bjt"	RelError: 1.48192e+00	AbsError: 2.29088e+13
      Equation: "ElectronContinuityEquation"	RelError: 8.03936e-01	AbsError: 1.86023e+13
      Equation: "HoleContinuityEquation"	RelError: 6.72436e-01	AbsError: 4.30648e+12
      Equation: "PotentialEquation"	RelError: 5.55223e-03	AbsError: 9.17901e-03
  Circuit: 	RelError: 2.87388e-06	AbsError: 8.99484e-12
Iteration: 4
  Device: "bjt"	RelError: 2.68708e-01	AbsError: 2.56423e+13
    Region: "bjt"	RelError: 2.68708e-01	AbsError: 2.56423e+13
      Equation: "ElectronContinuityEquation"	RelError: 2.34779e-01	AbsError: 1.88325e+13
      Equation: "HoleContinuityEquation"	RelError: 3.37870e-02	AbsError: 6.80973e+12
      Equation: "PotentialEquation"	RelError: 1.41568e-04	AbsError: 2.28506e-04
  Circuit: 	RelError: 2.31428e-06	AbsError: 1.82893e-11
Iteration: 5
  Device: "bjt"	RelError: 4.85391e-03	AbsError: 2.45896e+10
    Region: "bjt"	RelError: 4.85391e-03	AbsError: 2.45896e+10
      Equation: "ElectronContinuityEquation"	RelError: 3.52230e-03	AbsError: 1.99331e+10
      Equation: "HoleContinuityEquation"	RelError: 1.33149e-03	AbsError: 4.65650e+09
      Equation: "PotentialEquation"	RelError: 1.14369e-07	AbsError: 1.83657e-07
  Circuit: 	RelError: 9.07282e-10	AbsError: 2.59848e-15
Iteration: 6
  Device: "bjt"	RelError: 1.01187e-04	AbsError: 7.71989e+08
    Region: "bjt"	RelError: 1.01187e-04	AbsError: 7.71989e+08
      Equation: "ElectronContinuityEquation"	RelError: 8.76613e-05	AbsError: 7.24422e+08
      Equation: "HoleContinuityEquation"	RelError: 1.35238e-05	AbsError: 4.75668e+07
      Equation: "PotentialEquation"	RelError: 2.08489e-09	AbsError: 3.23704e-09
  Circuit: 	RelError: 1.78123e-10	AbsError: 1.45147e-15
Iteration: 7
  Device: "bjt"	RelError: 5.59061e-08	AbsError: 3.92577e+06
    Region: "bjt"	RelError: 5.59061e-08	AbsError: 3.92577e+06
      Equation: "ElectronContinuityEquation"	RelError: 3.92967e-08	AbsError: 3.64164e+06
      Equation: "HoleContinuityEquation"	RelError: 1.65987e-08	AbsError: 2.84131e+05
      Equation: "PotentialEquation"	RelError: 1.07869e-11	AbsError: 1.68403e-11
  Circuit: 	RelError: 2.50841e-12	AbsError: 1.14322e-17
Iteration: 8
  Device: "bjt"	RelError: 1.26754e-09	AbsError: 8.29117e+03
    Region: "bjt"	RelError: 1.26754e-09	AbsError: 8.29117e+03
      Equation: "ElectronContinuityEquation"	RelError: 7.01061e-10	AbsError: 8.17959e+03
      Equation: "HoleContinuityEquation"	RelError: 5.66481e-10	AbsError: 1.11580e+02
      Equation: "PotentialEquation"	RelError: 1.64814e-15	AbsError: 1.70059e-16
  Circuit: 	RelError: 3.28610e-12	AbsError: 2.67765e-17
Succeeded
CURVE: 0.5 1.3 -1.49525917351518e-32 1.98101681393932e-09 4.07425613067978e-06 -4.07623714749372e-06
last end 1.300000e+00 1.500000e+00
number of equations 41337
Iteration: 0
  Device: "bjt"	RelError: 1.45217e+05	AbsError: 6.83171e+15
    Region: "bjt"	RelError: 1.45217e+05	AbsError: 6.83171e+15
      Equation: "ElectronContinuityEquation"	RelError: 9.99000e+02	AbsError: 1.06329e+15
      Equation: "HoleContinuityEquation"	RelError: 1.44218e+05	AbsError: 5.76842e+15
      Equation: "PotentialEquation"	RelError: 5.81869e-02	AbsError: 4.09542e-02
  Circuit: 	RelError: 7.14286e-02	AbsError: 1.00000e-01
Iteration: 1
  Device: "bjt"	RelError: 1.99802e+03	AbsError: 4.55872e+14
    Region: "bjt"	RelError: 1.99802e+03	AbsError: 4.55872e+14
      Equation: "ElectronContinuityEquation"	RelError: 9.99000e+02	AbsError: 1.21202e+14
      Equation: "HoleContinuityEquation"	RelError: 9.99000e+02	AbsError: 3.34669e+14
      Equation: "PotentialEquation"	RelError: 2.13775e-02	AbsError: 3.07642e-02
  Circuit: 	RelError: 3.34589e-02	AbsError: 2.04025e-10
Iteration: 2
  Device: "bjt"	RelError: 4.94599e+00	AbsError: 9.09609e+12
    Region: "bjt"	RelError: 4.94599e+00	AbsError: 9.09609e+12
      Equation: "ElectronContinuityEquation"	RelError: 3.93108e+00	AbsError: 7.83398e+12
      Equation: "HoleContinuityEquation"	RelError: 9.99997e-01	AbsError: 1.26211e+12
      Equation: "PotentialEquation"	RelError: 1.49113e-02	AbsError: 2.58478e-02
  Circuit: 	RelError: 3.46176e-02	AbsError: 1.47414e-10
Iteration: 3
  Device: "bjt"	RelError: 1.31185e+00	AbsError: 2.43227e+13
    Region: "bjt"	RelError: 1.31185e+00	AbsError: 2.43227e+13
      Equation: "ElectronContinuityEquation"	RelError: 5.76862e-01	AbsError: 1.92527e+13
      Equation: "HoleContinuityEquation"	RelError: 7.29753e-01	AbsError: 5.06999e+12
      Equation: "PotentialEquation"	RelError: 5.23960e-03	AbsError: 9.18615e-03
  Circuit: 	RelError: 2.24534e-06	AbsError: 7.30816e-12
Iteration: 4
  Device: "bjt"	RelError: 2.28639e-01	AbsError: 2.74077e+13
    Region: "bjt"	RelError: 2.28639e-01	AbsError: 2.74077e+13
      Equation: "ElectronContinuityEquation"	RelError: 1.96271e-01	AbsError: 2.03820e+13
      Equation: "HoleContinuityEquation"	RelError: 3.22309e-02	AbsError: 7.02571e+12
      Equation: "PotentialEquation"	RelError: 1.36293e-04	AbsError: 2.32940e-04
  Circuit: 	RelError: 2.13114e-06	AbsError: 1.71635e-11
Iteration: 5
  Device: "bjt"	RelError: 1.00145e-02	AbsError: 2.54109e+10
    Region: "bjt"	RelError: 1.00145e-02	AbsError: 2.54109e+10
      Equation: "ElectronContinuityEquation"	RelError: 6.06328e-03	AbsError: 2.06117e+10
      Equation: "HoleContinuityEquation"	RelError: 3.95107e-03	AbsError: 4.79926e+09
      Equation: "PotentialEquation"	RelError: 1.22520e-07	AbsError: 2.08461e-07
  Circuit: 	RelError: 8.94755e-09	AbsError: 2.98319e-15
Iteration: 6
  Device: "bjt"	RelError: 6.47476e-05	AbsError: 1.31320e+09
    Region: "bjt"	RelError: 6.47476e-05	AbsError: 1.31320e+09
      Equation: "ElectronContinuityEquation"	RelError: 4.46938e-05	AbsError: 1.25241e+09
      Equation: "HoleContinuityEquation"	RelError: 2.00512e-05	AbsError: 6.07906e+07
      Equation: "PotentialEquation"	RelError: 2.64455e-09	AbsError: 4.38453e-09
  Circuit: 	RelError: 1.77787e-10	AbsError: 1.45066e-15
Iteration: 7
  Device: "bjt"	RelError: 6.03741e-07	AbsError: 5.23094e+06
    Region: "bjt"	RelError: 6.03741e-07	AbsError: 5.23094e+06
      Equation: "ElectronContinuityEquation"	RelError: 5.91013e-07	AbsError: 4.99753e+06
      Equation: "HoleContinuityEquation"	RelError: 1.27145e-08	AbsError: 2.33403e+05
      Equation: "PotentialEquation"	RelError: 1.33272e-11	AbsError: 2.28307e-11
  Circuit: 	RelError: 2.26756e-12	AbsError: 1.85041e-17
Iteration: 8
  Device: "bjt"	RelError: 8.03597e-10	AbsError: 8.36735e+03
    Region: "bjt"	RelError: 8.03597e-10	AbsError: 8.36735e+03
      Equation: "ElectronContinuityEquation"	RelError: 2.36723e-10	AbsError: 8.17961e+03
      Equation: "HoleContinuityEquation"	RelError: 5.66872e-10	AbsError: 1.87740e+02
      Equation: "PotentialEquation"	RelError: 1.64814e-15	AbsError: 1.70705e-16
  Circuit: 	RelError: 3.49971e-12	AbsError: 2.85684e-17
Succeeded
CURVE: 0.5 1.4 0 1.98056454233665e-09 4.07968961099337e-06 -4.08167017553571e-06
last end 1.400000e+00 1.500000e+00
setting to last bias 1.500000e+00
setting next bias 1.500000e+00
number of equations 41337
Iteration: 0
  Device: "bjt"	RelError: 6.24523e+04	AbsError: 6.64757e+15
    Region: "bjt"	RelError: 6.24523e+04	AbsError: 6.64757e+15
      Equation: "ElectronContinuityEquation"	RelError: 9.99000e+02	AbsError: 1.04134e+15
      Equation: "HoleContinuityEquation"	RelError: 6.14533e+04	AbsError: 5.60623e+15
      Equation: "PotentialEquation"	RelError: 5.91189e-02	AbsError: 4.09542e-02
  Circuit: 	RelError: 6.66667e-02	AbsError: 1.00000e-01
Iteration: 1
  Device: "bjt"	RelError: 1.28296e+03	AbsError: 4.76022e+14
    Region: "bjt"	RelError: 1.28296e+03	AbsError: 4.76022e+14
      Equation: "ElectronContinuityEquation"	RelError: 1.10207e+00	AbsError: 1.18608e+14
      Equation: "HoleContinuityEquation"	RelError: 1.28183e+03	AbsError: 3.57414e+14
      Equation: "PotentialEquation"	RelError: 2.02126e-02	AbsError: 3.07641e-02
  Circuit: 	RelError: 3.02156e-02	AbsError: 1.89683e-10
Iteration: 2
  Device: "bjt"	RelError: 4.94144e+00	AbsError: 8.43563e+12
    Region: "bjt"	RelError: 4.94144e+00	AbsError: 8.43563e+12
      Equation: "ElectronContinuityEquation"	RelError: 3.92735e+00	AbsError: 6.78864e+12
      Equation: "HoleContinuityEquation"	RelError: 9.99997e-01	AbsError: 1.64699e+12
      Equation: "PotentialEquation"	RelError: 1.41018e-02	AbsError: 2.58237e-02
  Circuit: 	RelError: 3.11588e-02	AbsError: 1.29299e-10
Iteration: 3
  Device: "bjt"	RelError: 1.28973e+00	AbsError: 2.21333e+13
    Region: "bjt"	RelError: 1.28973e+00	AbsError: 2.21333e+13
      Equation: "ElectronContinuityEquation"	RelError: 5.42152e-01	AbsError: 1.65957e+13
      Equation: "HoleContinuityEquation"	RelError: 7.42622e-01	AbsError: 5.53764e+12
      Equation: "PotentialEquation"	RelError: 4.95227e-03	AbsError: 9.17762e-03
  Circuit: 	RelError: 2.32290e-06	AbsError: 6.87786e-12
Iteration: 4
  Device: "bjt"	RelError: 2.91648e-01	AbsError: 2.60942e+13
    Region: "bjt"	RelError: 2.91648e-01	AbsError: 2.60942e+13
      Equation: "ElectronContinuityEquation"	RelError: 2.51783e-01	AbsError: 1.86741e+13
      Equation: "HoleContinuityEquation"	RelError: 3.97356e-02	AbsError: 7.42018e+12
      Equation: "PotentialEquation"	RelError: 1.29221e-04	AbsError: 2.34026e-04
  Circuit: 	RelError: 2.04467e-06	AbsError: 1.65913e-11
Iteration: 5
  Device: "bjt"	RelError: 3.03892e-02	AbsError: 2.25830e+10
    Region: "bjt"	RelError: 3.03892e-02	AbsError: 2.25830e+10
      Equation: "ElectronContinuityEquation"	RelError: 2.87025e-02	AbsError: 1.74756e+10
      Equation: "HoleContinuityEquation"	RelError: 1.68654e-03	AbsError: 5.10738e+09
      Equation: "PotentialEquation"	RelError: 1.22661e-07	AbsError: 2.22147e-07
  Circuit: 	RelError: 2.72860e-09	AbsError: 2.54793e-15
Iteration: 6
  Device: "bjt"	RelError: 1.33889e-04	AbsError: 8.64494e+08
    Region: "bjt"	RelError: 1.33889e-04	AbsError: 8.64494e+08
      Equation: "ElectronContinuityEquation"	RelError: 1.09677e-04	AbsError: 8.26876e+08
      Equation: "HoleContinuityEquation"	RelError: 2.42094e-05	AbsError: 3.76183e+07
      Equation: "PotentialEquation"	RelError: 2.25051e-09	AbsError: 4.06701e-09
  Circuit: 	RelError: 1.58478e-10	AbsError: 1.29476e-15
Iteration: 7
  Device: "bjt"	RelError: 6.21198e-07	AbsError: 1.56253e+06
    Region: "bjt"	RelError: 6.21198e-07	AbsError: 1.56253e+06
      Equation: "ElectronContinuityEquation"	RelError: 6.14220e-07	AbsError: 1.46494e+06
      Equation: "HoleContinuityEquation"	RelError: 6.97509e-09	AbsError: 9.75886e+04
      Equation: "PotentialEquation"	RelError: 3.20992e-12	AbsError: 5.62702e-12
  Circuit: 	RelError: 2.08976e-12	AbsError: 1.50808e-17
Iteration: 8
  Device: "bjt"	RelError: 1.22675e-09	AbsError: 8.28743e+03
    Region: "bjt"	RelError: 1.22675e-09	AbsError: 8.28743e+03
      Equation: "ElectronContinuityEquation"	RelError: 7.04444e-10	AbsError: 8.17959e+03
      Equation: "HoleContinuityEquation"	RelError: 5.22302e-10	AbsError: 1.07837e+02
      Equation: "PotentialEquation"	RelError: 1.89310e-15	AbsError: 2.23394e-16
  Circuit: 	RelError: 4.01985e-12	AbsError: 3.28454e-17
Succeeded
CURVE: 0.5 1.5 0 1.98012294819555e-09 4.08505357591497e-06 -4.08703369886317e-06
